G4BL_DIR=C:\Program Files\Muons, Inc\G4beamline
G4LEDATA=C:\Geant4Data/G4EMLOW8.0
G4ENSDFSTATEDATA=C:\Geant4Data/G4ENSDFSTATE2.3
G4PARTICLEXSDATA=C:\Geant4Data/G4PARTICLEXS4.0
G4LEVELGAMMADATA=C:\Geant4Data/PhotonEvaporation5.7
G4RADIOACTIVEDATA=C:\Geant4Data/RadioactiveDecay5.6
G4beamline Process ID 49432

*************************************************************
 g4beamline version: 3.08                        (Oct  8 2022)
                      Copyright : Tom Roberts, Muons, Inc.
                        License : Gnu Public License
                            WWW : http://g4beamline.muonsinc.com
**************************************************************
 Geant4 version Name: geant4-11-00-patch-03 [MT]   (16-September-2022)
                       Copyright : Geant4 Collaboration
                      References : NIM A 506 (2003), 250-303
                                 : IEEE-TNS 53 (2006), 270-278
                                 : NIM A 835 (2016), 186-225
                             WWW : http://geant4.org/
**************************************************************

param        viewer        best,1
geometry                   nPoints=100 printGeometry=0 visual=0
                           tolerance=0.002
G4PhysListFactory::GetReferencePhysList <QGSP_BERT>  EMoption= 0
<<< Geant4 Physics List simulation engine: QGSP_BERT


physics      QGSP_BERT     disable= inactivate= deactivate= doStochastics=1
                           fluct=1 minRangeCut=1 list=0 gammaToMuPair=0
                           spinTracking=0 synchrotronRadiation=0
                           synchrotronRadiationMuon=0 maxTime=1e+06
trace                      nTrace=10 format=asciiTrace oneNTuple=0
                           primaryOnly=0 traceTune=1 filename=Ev%dTrk%d
                           file=Ev%dTrk%d require= coordinates=reference
param        Pref          10000.0
param        clight        299792458.0
param        Brho          33.35641
param        Lq            500
param        Ld            1000
param        Lb            8000
param        Lcell         22000
param        oQFh1         250
param        oB1           5500
param        oQDh1         10750
param        oQDh2         11250
param        oB2           16500
param        oQFh2         21750
param        gF_S          4.4250406
param        gD_S          4.4250406
param        gF_DS         4.3726876
param        gD_DS         4.415595
param        gF_RT         4.2130469
param        gD_RT         4.3862159
param        G_sup         0.01402497
param        rho_sup       71301.4
param        By_sup        0.46782265
param        ang_sup       6.4285727
param        G_rt          0.02804993
param        rho_rt        35650.713
param        By_rt         0.93564497
param        ang_rt        12.857141
param        nEvents       2000
start                      x=0 y=0 z=0 initialZ=0 rotation= radiusCut=1000
                           ring=1
beam    GAUSSIAN particle=proton nEvents=2000 firstEvent=-1 lastEvent=2147483647 beamX=0.0 beamY=0.0 beamZ=0.0 maxR=1000000.0 
		meanMomentum=10000.0 weight=1.000000 
		sigmaX=1.0 sigmaY=1.0 sigmaZ=0.0 sigmaXp=0.00500 sigmaYp=0.00500 
		sigmaP=0.0 sigmaT=0.000 meanXp=0.00000 meanYp=0.00000 meanT=0.000 
reference                  particle=proton beamX=0 beamY=0 beamZ=0 beamT=0
                           rotation= referenceMomentum=1e+04 beamXp=0 beamYp=0
                           meanMomentum=1e+04 meanXp=0 meanYp=0 tuneZ=-3.7e+21
                           tuneMomentum=-3.7e+21 tolerance=0.001 noEfield=0
                           noBfield=0 noEloss=0 P=1e+04
particlecolor              reference=1,1,1
genericquad  qfs           fieldLength=500 ironLength=500 ironRadius=250
                           apertureRadius=120 poleTipRadius=0 coilRadius=0
                           coilHalfwidth=0 coilHalfWidth=0 gradient=4.425
                           maxStep=100 ironMaterial=Fe fieldMaterial=Vacuum
                           ironColor=1,0,0,0.5 kill=1 fringe=0 fringeFactor=1
                           openAperture=1
genericquad  qds           fieldLength=500 ironLength=500 ironRadius=250
                           apertureRadius=120 poleTipRadius=0 coilRadius=0
                           coilHalfwidth=0 coilHalfWidth=0 gradient=-4.425
                           maxStep=100 ironMaterial=Fe fieldMaterial=Vacuum
                           ironColor=0,0,1,0.5 kill=1 fringe=0 fringeFactor=1
                           openAperture=1
genericquad  qfds          fieldLength=500 ironLength=500 ironRadius=250
                           apertureRadius=120 poleTipRadius=0 coilRadius=0
                           coilHalfwidth=0 coilHalfWidth=0 gradient=4.373
                           maxStep=100 ironMaterial=Fe fieldMaterial=Vacuum
                           ironColor=1,0.5,0,0.5 kill=1 fringe=0
                           fringeFactor=1 openAperture=1
genericquad  qdds          fieldLength=500 ironLength=500 ironRadius=250
                           apertureRadius=120 poleTipRadius=0 coilRadius=0
                           coilHalfwidth=0 coilHalfWidth=0 gradient=-4.416
                           maxStep=100 ironMaterial=Fe fieldMaterial=Vacuum
                           ironColor=0,0.5,1,0.5 kill=1 fringe=0
                           fringeFactor=1 openAperture=1
genericquad  qfrt          fieldLength=500 ironLength=500 ironRadius=250
                           apertureRadius=120 poleTipRadius=0 coilRadius=0
                           coilHalfwidth=0 coilHalfWidth=0 gradient=4.213
                           maxStep=100 ironMaterial=Fe fieldMaterial=Vacuum
                           ironColor=1,1,0,0.5 kill=1 fringe=0 fringeFactor=1
                           openAperture=1
genericquad  qdrt          fieldLength=500 ironLength=500 ironRadius=250
                           apertureRadius=120 poleTipRadius=0 coilRadius=0
                           coilHalfwidth=0 coilHalfWidth=0 gradient=-4.386
                           maxStep=100 ironMaterial=Fe fieldMaterial=Vacuum
                           ironColor=0,1,1,0.5 kill=1 fringe=0 fringeFactor=1
                           openAperture=1
idealsectorbend bsup       angle=-6.429 fieldCenterRadius=7.13e+04
                           fieldInnerRadius=7.07e+04 fieldOuterRadius=7.19e+04
                           fieldHeight=400 ironInnerRadius=7.04e+04
                           ironOuterRadius=7.22e+04 ironHeight=600 By=0.4678
                           fieldMaterial=Vacuum fieldColor= ironMaterial=Fe
                           ironColor=0,0.8,0.2,0.5 maxStep=100 kill=1
                           openAperture=1
idealsectorbend brt        angle=-12.86 fieldCenterRadius=3.565e+04
                           fieldInnerRadius=3.505e+04
                           fieldOuterRadius=3.625e+04 fieldHeight=400
                           ironInnerRadius=3.475e+04 ironOuterRadius=3.655e+04
                           ironHeight=600 By=0.9356 fieldMaterial=Vacuum
                           fieldColor= ironMaterial=Fe ironColor=0,0.4,0,0.5
                           maxStep=100 kill=1 openAperture=1
virtualdetector mkr        radius=200 innerRadius=0 height=400 width=400
                           length=1 maxStep=100 material= color=0,1,1,0.3
                           noSingles=0 format=bltrackfile filename=markers
                           file=markers require= referenceParticle=0
                           coordinates=Centerline kill=0
param        ss1           0
do i=1,6,1
(do i=1)
param        sc            0
place   qfs     copies=1 x=0.0 y=0.0 z=250.0 
place   mkr     copies=1 x=0.0 y=0.0 z=250.0 
place   qds     copies=1 x=0.0 y=0.0 z=10750.0 
place   qds     copies=1 x=0.0 y=0.0 z=11250.0 
place   mkr     copies=1 x=0.0 y=0.0 z=10750.0 
place   qfs     copies=1 x=0.0 y=0.0 z=21750.0 
(do i=2)
param        sc            22000
place   qfs     copies=1 x=0.0 y=0.0 z=22250.0 
place   mkr     copies=1 x=0.0 y=0.0 z=22250.0 
place   qds     copies=1 x=0.0 y=0.0 z=32750.0 
place   qds     copies=1 x=0.0 y=0.0 z=33250.0 
place   mkr     copies=1 x=0.0 y=0.0 z=32750.0 
place   qfs     copies=1 x=0.0 y=0.0 z=43750.0 
(do i=3)
param        sc            44000
place   qfs     copies=1 x=0.0 y=0.0 z=44250.0 
place   mkr     copies=1 x=0.0 y=0.0 z=44250.0 
place   qds     copies=1 x=0.0 y=0.0 z=54750.0 
place   qds     copies=1 x=0.0 y=0.0 z=55250.0 
place   mkr     copies=1 x=0.0 y=0.0 z=54750.0 
place   qfs     copies=1 x=0.0 y=0.0 z=65750.0 
(do i=4)
param        sc            66000
place   qfs     copies=1 x=0.0 y=0.0 z=66250.0 
place   mkr     copies=1 x=0.0 y=0.0 z=66250.0 
place   qds     copies=1 x=0.0 y=0.0 z=76750.0 
place   qds     copies=1 x=0.0 y=0.0 z=77250.0 
place   mkr     copies=1 x=0.0 y=0.0 z=76750.0 
place   qfs     copies=1 x=0.0 y=0.0 z=87750.0 
(do i=5)
param        sc            88000
place   qfs     copies=1 x=0.0 y=0.0 z=88250.0 
place   mkr     copies=1 x=0.0 y=0.0 z=88250.0 
place   qds     copies=1 x=0.0 y=0.0 z=98750.0 
place   qds     copies=1 x=0.0 y=0.0 z=99250.0 
place   mkr     copies=1 x=0.0 y=0.0 z=98750.0 
place   qfs     copies=1 x=0.0 y=0.0 z=109750.0 
(do i=6)
param        sc            110000
place   qfs     copies=1 x=0.0 y=0.0 z=110250.0 
place   mkr     copies=1 x=0.0 y=0.0 z=110250.0 
place   qds     copies=1 x=0.0 y=0.0 z=120750.0 
place   qds     copies=1 x=0.0 y=0.0 z=121250.0 
place   mkr     copies=1 x=0.0 y=0.0 z=120750.0 
place   qfs     copies=1 x=0.0 y=0.0 z=131750.0 
enddo
param        sa1           132000
param        sc            132000
place   qfds    copies=1 x=0.0 y=0.0 z=132250.0 
place   mkr     copies=1 x=0.0 y=0.0 z=132250.0 
place   bsup    copies=1 x=0.0 y=0.0 z=137500.0 
cornerarc                  z=1.375e+05 centerRadius=7.13e+04 angle=-6.429
                           rotation= radiusCut=1200
place   qdds    copies=1 x=0.0 y=0.0 z=142750.0 
place   qdds    copies=1 x=0.0 y=0.0 z=143250.0 
place   mkr     copies=1 x=0.0 y=0.0 z=142750.0 
place   bsup    copies=1 x=0.0 y=0.0 z=148500.0 
cornerarc                  z=1.485e+05 centerRadius=7.13e+04 angle=-6.429
                           rotation= radiusCut=1200
place   qfds    copies=1 x=0.0 y=0.0 z=153750.0 
param        sc            154000
place   qfds    copies=1 x=0.0 y=0.0 z=154250.0 
place   mkr     copies=1 x=0.0 y=0.0 z=154250.0 
place   bsup    copies=1 x=0.0 y=0.0 z=159500.0 
cornerarc                  z=1.595e+05 centerRadius=7.13e+04 angle=-6.429
                           rotation= radiusCut=1200
place   qdds    copies=1 x=0.0 y=0.0 z=164750.0 
place   qdds    copies=1 x=0.0 y=0.0 z=165250.0 
place   mkr     copies=1 x=0.0 y=0.0 z=164750.0 
place   bsup    copies=1 x=0.0 y=0.0 z=170500.0 
cornerarc                  z=1.705e+05 centerRadius=7.13e+04 angle=-6.429
                           rotation= radiusCut=1200
place   qfds    copies=1 x=0.0 y=0.0 z=175750.0 
do i=1,7,1
(do i=1)
param        sc            176000
place   qfrt    copies=1 x=0.0 y=0.0 z=176250.0 
place   mkr     copies=1 x=0.0 y=0.0 z=176250.0 
place   brt     copies=1 x=0.0 y=0.0 z=181500.0 
cornerarc                  z=1.815e+05 centerRadius=3.565e+04 angle=-12.86
                           rotation= radiusCut=1200
place   qdrt    copies=1 x=0.0 y=0.0 z=186750.0 
place   qdrt    copies=1 x=0.0 y=0.0 z=187250.0 
place   mkr     copies=1 x=0.0 y=0.0 z=186750.0 
place   brt     copies=1 x=0.0 y=0.0 z=192500.0 
cornerarc                  z=1.925e+05 centerRadius=3.565e+04 angle=-12.86
                           rotation= radiusCut=1200
place   qfrt    copies=1 x=0.0 y=0.0 z=197750.0 
(do i=2)
param        sc            198000
place   qfrt    copies=1 x=0.0 y=0.0 z=198250.0 
place   mkr     copies=1 x=0.0 y=0.0 z=198250.0 
place   brt     copies=1 x=0.0 y=0.0 z=203500.0 
cornerarc                  z=2.035e+05 centerRadius=3.565e+04 angle=-12.86
                           rotation= radiusCut=1200
place   qdrt    copies=1 x=0.0 y=0.0 z=208750.0 
place   qdrt    copies=1 x=0.0 y=0.0 z=209250.0 
place   mkr     copies=1 x=0.0 y=0.0 z=208750.0 
place   brt     copies=1 x=0.0 y=0.0 z=214500.0 
cornerarc                  z=2.145e+05 centerRadius=3.565e+04 angle=-12.86
                           rotation= radiusCut=1200
place   qfrt    copies=1 x=0.0 y=0.0 z=219750.0 
(do i=3)
param        sc            220000
place   qfrt    copies=1 x=0.0 y=0.0 z=220250.0 
place   mkr     copies=1 x=0.0 y=0.0 z=220250.0 
place   brt     copies=1 x=0.0 y=0.0 z=225500.0 
cornerarc                  z=2.255e+05 centerRadius=3.565e+04 angle=-12.86
                           rotation= radiusCut=1200
place   qdrt    copies=1 x=0.0 y=0.0 z=230750.0 
place   qdrt    copies=1 x=0.0 y=0.0 z=231250.0 
place   mkr     copies=1 x=0.0 y=0.0 z=230750.0 
place   brt     copies=1 x=0.0 y=0.0 z=236500.0 
cornerarc                  z=2.365e+05 centerRadius=3.565e+04 angle=-12.86
                           rotation= radiusCut=1200
place   qfrt    copies=1 x=0.0 y=0.0 z=241750.0 
(do i=4)
param        sc            242000
place   qfrt    copies=1 x=0.0 y=0.0 z=242250.0 
place   mkr     copies=1 x=0.0 y=0.0 z=242250.0 
place   brt     copies=1 x=0.0 y=0.0 z=247500.0 
cornerarc                  z=2.475e+05 centerRadius=3.565e+04 angle=-12.86
                           rotation= radiusCut=1200
place   qdrt    copies=1 x=0.0 y=0.0 z=252750.0 
place   qdrt    copies=1 x=0.0 y=0.0 z=253250.0 
place   mkr     copies=1 x=0.0 y=0.0 z=252750.0 
place   brt     copies=1 x=0.0 y=0.0 z=258500.0 
cornerarc                  z=2.585e+05 centerRadius=3.565e+04 angle=-12.86
                           rotation= radiusCut=1200
place   qfrt    copies=1 x=0.0 y=0.0 z=263750.0 
(do i=5)
param        sc            264000
place   qfrt    copies=1 x=0.0 y=0.0 z=264250.0 
place   mkr     copies=1 x=0.0 y=0.0 z=264250.0 
place   brt     copies=1 x=0.0 y=0.0 z=269500.0 
cornerarc                  z=2.695e+05 centerRadius=3.565e+04 angle=-12.86
                           rotation= radiusCut=1200
place   qdrt    copies=1 x=0.0 y=0.0 z=274750.0 
place   qdrt    copies=1 x=0.0 y=0.0 z=275250.0 
place   mkr     copies=1 x=0.0 y=0.0 z=274750.0 
place   brt     copies=1 x=0.0 y=0.0 z=280500.0 
cornerarc                  z=2.805e+05 centerRadius=3.565e+04 angle=-12.86
                           rotation= radiusCut=1200
place   qfrt    copies=1 x=0.0 y=0.0 z=285750.0 
(do i=6)
param        sc            286000
place   qfrt    copies=1 x=0.0 y=0.0 z=286250.0 
place   mkr     copies=1 x=0.0 y=0.0 z=286250.0 
place   brt     copies=1 x=0.0 y=0.0 z=291500.0 
cornerarc                  z=2.915e+05 centerRadius=3.565e+04 angle=-12.86
                           rotation= radiusCut=1200
place   qdrt    copies=1 x=0.0 y=0.0 z=296750.0 
place   qdrt    copies=1 x=0.0 y=0.0 z=297250.0 
place   mkr     copies=1 x=0.0 y=0.0 z=296750.0 
place   brt     copies=1 x=0.0 y=0.0 z=302500.0 
cornerarc                  z=3.025e+05 centerRadius=3.565e+04 angle=-12.86
                           rotation= radiusCut=1200
place   qfrt    copies=1 x=0.0 y=0.0 z=307750.0 
(do i=7)
param        sc            308000
place   qfrt    copies=1 x=0.0 y=0.0 z=308250.0 
place   mkr     copies=1 x=0.0 y=0.0 z=308250.0 
place   brt     copies=1 x=0.0 y=0.0 z=313500.0 
cornerarc                  z=3.135e+05 centerRadius=3.565e+04 angle=-12.86
                           rotation= radiusCut=1200
place   qdrt    copies=1 x=0.0 y=0.0 z=318750.0 
place   qdrt    copies=1 x=0.0 y=0.0 z=319250.0 
place   mkr     copies=1 x=0.0 y=0.0 z=318750.0 
place   brt     copies=1 x=0.0 y=0.0 z=324500.0 
cornerarc                  z=3.245e+05 centerRadius=3.565e+04 angle=-12.86
                           rotation= radiusCut=1200
place   qfrt    copies=1 x=0.0 y=0.0 z=329750.0 
enddo
param        sc            330000
place   qfds    copies=1 x=0.0 y=0.0 z=330250.0 
place   mkr     copies=1 x=0.0 y=0.0 z=330250.0 
place   bsup    copies=1 x=0.0 y=0.0 z=335500.0 
cornerarc                  z=3.355e+05 centerRadius=7.13e+04 angle=-6.429
                           rotation= radiusCut=1200
place   qdds    copies=1 x=0.0 y=0.0 z=340750.0 
place   qdds    copies=1 x=0.0 y=0.0 z=341250.0 
place   mkr     copies=1 x=0.0 y=0.0 z=340750.0 
place   bsup    copies=1 x=0.0 y=0.0 z=346500.0 
cornerarc                  z=3.465e+05 centerRadius=7.13e+04 angle=-6.429
                           rotation= radiusCut=1200
place   qfds    copies=1 x=0.0 y=0.0 z=351750.0 
param        sc            352000
place   qfds    copies=1 x=0.0 y=0.0 z=352250.0 
place   mkr     copies=1 x=0.0 y=0.0 z=352250.0 
place   bsup    copies=1 x=0.0 y=0.0 z=357500.0 
cornerarc                  z=3.575e+05 centerRadius=7.13e+04 angle=-6.429
                           rotation= radiusCut=1200
place   qdds    copies=1 x=0.0 y=0.0 z=362750.0 
place   qdds    copies=1 x=0.0 y=0.0 z=363250.0 
place   mkr     copies=1 x=0.0 y=0.0 z=362750.0 
place   bsup    copies=1 x=0.0 y=0.0 z=368500.0 
cornerarc                  z=3.685e+05 centerRadius=7.13e+04 angle=-6.429
                           rotation= radiusCut=1200
place   qfds    copies=1 x=0.0 y=0.0 z=373750.0 
param        ss2           374000
do i=1,6,1
(do i=1)
param        sc            374000
place   qfs     copies=1 x=0.0 y=0.0 z=374250.0 
place   mkr     copies=1 x=0.0 y=0.0 z=374250.0 
place   qds     copies=1 x=0.0 y=0.0 z=384750.0 
place   qds     copies=1 x=0.0 y=0.0 z=385250.0 
place   mkr     copies=1 x=0.0 y=0.0 z=384750.0 
place   qfs     copies=1 x=0.0 y=0.0 z=395750.0 
(do i=2)
param        sc            396000
place   qfs     copies=1 x=0.0 y=0.0 z=396250.0 
place   mkr     copies=1 x=0.0 y=0.0 z=396250.0 
place   qds     copies=1 x=0.0 y=0.0 z=406750.0 
place   qds     copies=1 x=0.0 y=0.0 z=407250.0 
place   mkr     copies=1 x=0.0 y=0.0 z=406750.0 
place   qfs     copies=1 x=0.0 y=0.0 z=417750.0 
(do i=3)
param        sc            418000
place   qfs     copies=1 x=0.0 y=0.0 z=418250.0 
place   mkr     copies=1 x=0.0 y=0.0 z=418250.0 
place   qds     copies=1 x=0.0 y=0.0 z=428750.0 
place   qds     copies=1 x=0.0 y=0.0 z=429250.0 
place   mkr     copies=1 x=0.0 y=0.0 z=428750.0 
place   qfs     copies=1 x=0.0 y=0.0 z=439750.0 
(do i=4)
param        sc            440000
place   qfs     copies=1 x=0.0 y=0.0 z=440250.0 
place   mkr     copies=1 x=0.0 y=0.0 z=440250.0 
place   qds     copies=1 x=0.0 y=0.0 z=450750.0 
place   qds     copies=1 x=0.0 y=0.0 z=451250.0 
place   mkr     copies=1 x=0.0 y=0.0 z=450750.0 
place   qfs     copies=1 x=0.0 y=0.0 z=461750.0 
(do i=5)
param        sc            462000
place   qfs     copies=1 x=0.0 y=0.0 z=462250.0 
place   mkr     copies=1 x=0.0 y=0.0 z=462250.0 
place   qds     copies=1 x=0.0 y=0.0 z=472750.0 
place   qds     copies=1 x=0.0 y=0.0 z=473250.0 
place   mkr     copies=1 x=0.0 y=0.0 z=472750.0 
place   qfs     copies=1 x=0.0 y=0.0 z=483750.0 
(do i=6)
param        sc            484000
place   qfs     copies=1 x=0.0 y=0.0 z=484250.0 
place   mkr     copies=1 x=0.0 y=0.0 z=484250.0 
place   qds     copies=1 x=0.0 y=0.0 z=494750.0 
place   qds     copies=1 x=0.0 y=0.0 z=495250.0 
place   mkr     copies=1 x=0.0 y=0.0 z=494750.0 
place   qfs     copies=1 x=0.0 y=0.0 z=505750.0 
enddo
param        sa2           506000
param        sc            506000
place   qfds    copies=1 x=0.0 y=0.0 z=506250.0 
place   mkr     copies=1 x=0.0 y=0.0 z=506250.0 
place   bsup    copies=1 x=0.0 y=0.0 z=511500.0 
cornerarc                  z=5.115e+05 centerRadius=7.13e+04 angle=-6.429
                           rotation= radiusCut=1200
place   qdds    copies=1 x=0.0 y=0.0 z=516750.0 
place   qdds    copies=1 x=0.0 y=0.0 z=517250.0 
place   mkr     copies=1 x=0.0 y=0.0 z=516750.0 
place   bsup    copies=1 x=0.0 y=0.0 z=522500.0 
cornerarc                  z=5.225e+05 centerRadius=7.13e+04 angle=-6.429
                           rotation= radiusCut=1200
place   qfds    copies=1 x=0.0 y=0.0 z=527750.0 
param        sc            528000
place   qfds    copies=1 x=0.0 y=0.0 z=528250.0 
place   mkr     copies=1 x=0.0 y=0.0 z=528250.0 
place   bsup    copies=1 x=0.0 y=0.0 z=533500.0 
cornerarc                  z=5.335e+05 centerRadius=7.13e+04 angle=-6.429
                           rotation= radiusCut=1200
place   qdds    copies=1 x=0.0 y=0.0 z=538750.0 
place   qdds    copies=1 x=0.0 y=0.0 z=539250.0 
place   mkr     copies=1 x=0.0 y=0.0 z=538750.0 
place   bsup    copies=1 x=0.0 y=0.0 z=544500.0 
cornerarc                  z=5.445e+05 centerRadius=7.13e+04 angle=-6.429
                           rotation= radiusCut=1200
place   qfds    copies=1 x=0.0 y=0.0 z=549750.0 
do i=1,7,1
(do i=1)
param        sc            550000
place   qfrt    copies=1 x=0.0 y=0.0 z=550250.0 
place   mkr     copies=1 x=0.0 y=0.0 z=550250.0 
place   brt     copies=1 x=0.0 y=0.0 z=555500.0 
cornerarc                  z=5.555e+05 centerRadius=3.565e+04 angle=-12.86
                           rotation= radiusCut=1200
place   qdrt    copies=1 x=0.0 y=0.0 z=560750.0 
place   qdrt    copies=1 x=0.0 y=0.0 z=561250.0 
place   mkr     copies=1 x=0.0 y=0.0 z=560750.0 
place   brt     copies=1 x=0.0 y=0.0 z=566500.0 
cornerarc                  z=5.665e+05 centerRadius=3.565e+04 angle=-12.86
                           rotation= radiusCut=1200
place   qfrt    copies=1 x=0.0 y=0.0 z=571750.0 
(do i=2)
param        sc            572000
place   qfrt    copies=1 x=0.0 y=0.0 z=572250.0 
place   mkr     copies=1 x=0.0 y=0.0 z=572250.0 
place   brt     copies=1 x=0.0 y=0.0 z=577500.0 
cornerarc                  z=5.775e+05 centerRadius=3.565e+04 angle=-12.86
                           rotation= radiusCut=1200
place   qdrt    copies=1 x=0.0 y=0.0 z=582750.0 
place   qdrt    copies=1 x=0.0 y=0.0 z=583250.0 
place   mkr     copies=1 x=0.0 y=0.0 z=582750.0 
place   brt     copies=1 x=0.0 y=0.0 z=588500.0 
cornerarc                  z=5.885e+05 centerRadius=3.565e+04 angle=-12.86
                           rotation= radiusCut=1200
place   qfrt    copies=1 x=0.0 y=0.0 z=593750.0 
(do i=3)
param        sc            594000
place   qfrt    copies=1 x=0.0 y=0.0 z=594250.0 
place   mkr     copies=1 x=0.0 y=0.0 z=594250.0 
place   brt     copies=1 x=0.0 y=0.0 z=599500.0 
cornerarc                  z=5.995e+05 centerRadius=3.565e+04 angle=-12.86
                           rotation= radiusCut=1200
place   qdrt    copies=1 x=0.0 y=0.0 z=604750.0 
place   qdrt    copies=1 x=0.0 y=0.0 z=605250.0 
place   mkr     copies=1 x=0.0 y=0.0 z=604750.0 
place   brt     copies=1 x=0.0 y=0.0 z=610500.0 
cornerarc                  z=6.105e+05 centerRadius=3.565e+04 angle=-12.86
                           rotation= radiusCut=1200
place   qfrt    copies=1 x=0.0 y=0.0 z=615750.0 
(do i=4)
param        sc            616000
place   qfrt    copies=1 x=0.0 y=0.0 z=616250.0 
place   mkr     copies=1 x=0.0 y=0.0 z=616250.0 
place   brt     copies=1 x=0.0 y=0.0 z=621500.0 
cornerarc                  z=6.215e+05 centerRadius=3.565e+04 angle=-12.86
                           rotation= radiusCut=1200
place   qdrt    copies=1 x=0.0 y=0.0 z=626750.0 
place   qdrt    copies=1 x=0.0 y=0.0 z=627250.0 
place   mkr     copies=1 x=0.0 y=0.0 z=626750.0 
place   brt     copies=1 x=0.0 y=0.0 z=632500.0 
cornerarc                  z=6.325e+05 centerRadius=3.565e+04 angle=-12.86
                           rotation= radiusCut=1200
place   qfrt    copies=1 x=0.0 y=0.0 z=637750.0 
(do i=5)
param        sc            638000
place   qfrt    copies=1 x=0.0 y=0.0 z=638250.0 
place   mkr     copies=1 x=0.0 y=0.0 z=638250.0 
place   brt     copies=1 x=0.0 y=0.0 z=643500.0 
cornerarc                  z=6.435e+05 centerRadius=3.565e+04 angle=-12.86
                           rotation= radiusCut=1200
place   qdrt    copies=1 x=0.0 y=0.0 z=648750.0 
place   qdrt    copies=1 x=0.0 y=0.0 z=649250.0 
place   mkr     copies=1 x=0.0 y=0.0 z=648750.0 
place   brt     copies=1 x=0.0 y=0.0 z=654500.0 
cornerarc                  z=6.545e+05 centerRadius=3.565e+04 angle=-12.86
                           rotation= radiusCut=1200
place   qfrt    copies=1 x=0.0 y=0.0 z=659750.0 
(do i=6)
param        sc            660000
place   qfrt    copies=1 x=0.0 y=0.0 z=660250.0 
place   mkr     copies=1 x=0.0 y=0.0 z=660250.0 
place   brt     copies=1 x=0.0 y=0.0 z=665500.0 
cornerarc                  z=6.655e+05 centerRadius=3.565e+04 angle=-12.86
                           rotation= radiusCut=1200
place   qdrt    copies=1 x=0.0 y=0.0 z=670750.0 
place   qdrt    copies=1 x=0.0 y=0.0 z=671250.0 
place   mkr     copies=1 x=0.0 y=0.0 z=670750.0 
place   brt     copies=1 x=0.0 y=0.0 z=676500.0 
cornerarc                  z=6.765e+05 centerRadius=3.565e+04 angle=-12.86
                           rotation= radiusCut=1200
place   qfrt    copies=1 x=0.0 y=0.0 z=681750.0 
(do i=7)
param        sc            682000
place   qfrt    copies=1 x=0.0 y=0.0 z=682250.0 
place   mkr     copies=1 x=0.0 y=0.0 z=682250.0 
place   brt     copies=1 x=0.0 y=0.0 z=687500.0 
cornerarc                  z=6.875e+05 centerRadius=3.565e+04 angle=-12.86
                           rotation= radiusCut=1200
place   qdrt    copies=1 x=0.0 y=0.0 z=692750.0 
place   qdrt    copies=1 x=0.0 y=0.0 z=693250.0 
place   mkr     copies=1 x=0.0 y=0.0 z=692750.0 
place   brt     copies=1 x=0.0 y=0.0 z=698500.0 
cornerarc                  z=6.985e+05 centerRadius=3.565e+04 angle=-12.86
                           rotation= radiusCut=1200
place   qfrt    copies=1 x=0.0 y=0.0 z=703750.0 
enddo
param        sc            704000
place   qfds    copies=1 x=0.0 y=0.0 z=704250.0 
place   mkr     copies=1 x=0.0 y=0.0 z=704250.0 
place   bsup    copies=1 x=0.0 y=0.0 z=709500.0 
cornerarc                  z=7.095e+05 centerRadius=7.13e+04 angle=-6.429
                           rotation= radiusCut=1200
place   qdds    copies=1 x=0.0 y=0.0 z=714750.0 
place   qdds    copies=1 x=0.0 y=0.0 z=715250.0 
place   mkr     copies=1 x=0.0 y=0.0 z=714750.0 
place   bsup    copies=1 x=0.0 y=0.0 z=720500.0 
cornerarc                  z=7.205e+05 centerRadius=7.13e+04 angle=-6.429
                           rotation= radiusCut=1200
place   qfds    copies=1 x=0.0 y=0.0 z=725750.0 
param        sc            726000
place   qfds    copies=1 x=0.0 y=0.0 z=726250.0 
place   mkr     copies=1 x=0.0 y=0.0 z=726250.0 
place   bsup    copies=1 x=0.0 y=0.0 z=731500.0 
cornerarc                  z=7.315e+05 centerRadius=7.13e+04 angle=-6.429
                           rotation= radiusCut=1200
place   qdds    copies=1 x=0.0 y=0.0 z=736750.0 
place   qdds    copies=1 x=0.0 y=0.0 z=737250.0 
place   mkr     copies=1 x=0.0 y=0.0 z=736750.0 
place   bsup    copies=1 x=0.0 y=0.0 z=742500.0 
cornerarc                  z=7.425e+05 centerRadius=7.13e+04 angle=-6.429
                           rotation= radiusCut=1200
place   qfds    copies=1 x=0.0 y=0.0 z=747750.0 
param        Ctot          748000
param        dz_prof       500
profile                    z= zloop=0:748000:500 require= particle=proton
                           file=profile.dat filename=profile.dat
                           coordinates=centerline

World size (before incrementing by 201.357 mm): 600.0 H  334587.4 W  1501168.0 L

PARAMETERS:
           Brho=33.35641
          By_rt=0.93564497
         By_sup=0.46782265
           Ctot=748000
           G_rt=0.02804993
          G_sup=0.01402497
             Lb=8000
          Lcell=22000
             Ld=1000
             Lq=500
           Pref=10000.0
            Zcl=748000
         ang_rt=12.857141
        ang_sup=6.4285727
         clight=299792458.0
     deltaChord=3.0
deltaIntersection=0.1
   deltaOneStep=0.01
        dz_prof=500
         epsMax=0.05
         epsMin=2.5e-7
 eventTimeLimit=30
    fieldVoxels=200,200,200
          gD_DS=4.415595
          gD_RT=4.3862159
           gD_S=4.4250406
          gF_DS=4.3726876
          gF_RT=4.2130469
           gF_S=4.4250406
      histoFile=g4beamline
    histoUpdate=0
              i=7
        maxStep=100.0
        minStep=0.01
        nEvents=2000
            oB1=5500
            oB2=16500
          oQDh1=10750
          oQDh2=11250
          oQFh1=250
          oQFh2=21750
         rho_rt=35650.713
        rho_sup=71301.4
            sa1=132000
            sa2=506000
             sc=726000
            ss1=0
            ss2=374000
 steppingFormat=N GLOBAL CL KE STEP VOL PROCESS
steppingVerbose=0
         viewer=best,1
 wallClockLimit=-1
  worldMaterial=Vacuum
     zTolerance=2.0
Checking overlaps for volume qfs:0 (G4Tubs) ... OK! 
BLCMDgenericquad::Construct qfs parent= relZ=250.0 globZ=250.0
**************************************************************************
*** G4Exception: GeomVol1002
***    severity: Warning
***   issued by: G4PVPlacement::CheckOverlaps()
*** description: Overlap with volume already placed !
          Overlap is detected for volume mkr:0 (G4Tubs) with qfs:0 (G4Tubs)
          overlap at local point (-140.808,-120.007,-0.5) by 6.499 cm  (max of 622 cases)
NOTE: Reached maximum fixed number -1- of overlaps reports for this volume !
**************************************************************************
BLCMDvirtualdetector::Construct mkr parent= relZ=250.0 globZ=250.0
Checking overlaps for volume mkr:0 (G4Tubs) ... Checking overlaps for volume qds:0 (G4Tubs) ... OK! 
BLCMDgenericquad::Construct qds parent= relZ=10750.0 globZ=10750.0
Checking overlaps for volume qds:0 (G4Tubs) ... OK! 
BLCMDgenericquad::Construct qds parent= relZ=11250.0 globZ=11250.0
**************************************************************************
*** G4Exception: GeomVol1002
***    severity: Warning
***   issued by: G4PVPlacement::CheckOverlaps()
*** description: Overlap with volume already placed !
          Overlap is detected for volume mkr:0 (G4Tubs) with qds:0 (G4Tubs)
          overlap at local point (-69.243,-171.542,-0.5) by 6.49903 cm  (max of 648 cases)
NOTE: Reached maximum fixed number -1- of overlaps reports for this volume !
**************************************************************************
**************************************************************************
*** G4Exception: Duplicate NTuple
***    severity: Warning
***   issued by: BLNTuple
*** description: VirtualDetector/mkr
**************************************************************************
BLCMDvirtualdetector::Construct mkr parent= relZ=10750.0 globZ=10750.0
Checking overlaps for volume mkr:0 (G4Tubs) ... Checking overlaps for volume qfs:0 (G4Tubs) ... OK! 
BLCMDgenericquad::Construct qfs parent= relZ=21750.0 globZ=21750.0
Checking overlaps for volume qfs:0 (G4Tubs) ... OK! 
BLCMDgenericquad::Construct qfs parent= relZ=22250.0 globZ=22250.0
**************************************************************************
*** G4Exception: GeomVol1002
***    severity: Warning
***   issued by: G4PVPlacement::CheckOverlaps()
*** description: Overlap with volume already placed !
          Overlap is detected for volume mkr:0 (G4Tubs) with qfs:0 (G4Tubs)
          overlap at local point (-21.1358,-183.799,0.5) by 6.49901 cm  (max of 628 cases)
NOTE: Reached maximum fixed number -1- of overlaps reports for this volume !
**************************************************************************
**************************************************************************
*** G4Exception: Duplicate NTuple
***    severity: Warning
***   issued by: BLNTuple
*** description: VirtualDetector/mkr
**************************************************************************
BLCMDvirtualdetector::Construct mkr parent= relZ=22250.0 globZ=22250.0
Checking overlaps for volume mkr:0 (G4Tubs) ... Checking overlaps for volume qds:0 (G4Tubs) ... OK! 
BLCMDgenericquad::Construct qds parent= relZ=32750.0 globZ=32750.0
Checking overlaps for volume qds:0 (G4Tubs) ... OK! 
BLCMDgenericquad::Construct qds parent= relZ=33250.0 globZ=33250.0
**************************************************************************
*** G4Exception: GeomVol1002
***    severity: Warning
***   issued by: G4PVPlacement::CheckOverlaps()
*** description: Overlap with volume already placed !
          Overlap is detected for volume mkr:0 (G4Tubs) with qds:0 (G4Tubs)
          overlap at local point (171.981,-68.0199,-0.5) by 6.49441 cm  (max of 656 cases)
NOTE: Reached maximum fixed number -1- of overlaps reports for this volume !
**************************************************************************
**************************************************************************
*** G4Exception: Duplicate NTuple
***    severity: Warning
***   issued by: BLNTuple
*** description: VirtualDetector/mkr
**************************************************************************
BLCMDvirtualdetector::Construct mkr parent= relZ=32750.0 globZ=32750.0
Checking overlaps for volume mkr:0 (G4Tubs) ... Checking overlaps for volume qfs:0 (G4Tubs) ... OK! 
BLCMDgenericquad::Construct qfs parent= relZ=43750.0 globZ=43750.0
Checking overlaps for volume qfs:0 (G4Tubs) ... OK! 
BLCMDgenericquad::Construct qfs parent= relZ=44250.0 globZ=44250.0
**************************************************************************
*** G4Exception: GeomVol1002
***    severity: Warning
***   issued by: G4PVPlacement::CheckOverlaps()
*** description: Overlap with volume already placed !
          Overlap is detected for volume mkr:0 (G4Tubs) with qfs:0 (G4Tubs)
          overlap at local point (-105.36,152.061,0.5) by 6.49951 cm  (max of 652 cases)
NOTE: Reached maximum fixed number -1- of overlaps reports for this volume !
**************************************************************************
**************************************************************************
*** G4Exception: Duplicate NTuple
***    severity: Warning
***   issued by: BLNTuple
*** description: VirtualDetector/mkr
**************************************************************************
BLCMDvirtualdetector::Construct mkr parent= relZ=44250.0 globZ=44250.0
Checking overlaps for volume mkr:0 (G4Tubs) ... Checking overlaps for volume qds:0 (G4Tubs) ... OK! 
BLCMDgenericquad::Construct qds parent= relZ=54750.0 globZ=54750.0
Checking overlaps for volume qds:0 (G4Tubs) ... OK! 
BLCMDgenericquad::Construct qds parent= relZ=55250.0 globZ=55250.0
**************************************************************************
*** G4Exception: GeomVol1002
***    severity: Warning
***   issued by: G4PVPlacement::CheckOverlaps()
*** description: Overlap with volume already placed !
          Overlap is detected for volume mkr:0 (G4Tubs) with qds:0 (G4Tubs)
          overlap at local point (181.739,-34.8467,0.5) by 6.495 cm  (max of 653 cases)
NOTE: Reached maximum fixed number -1- of overlaps reports for this volume !
**************************************************************************
**************************************************************************
*** G4Exception: Duplicate NTuple
***    severity: Warning
***   issued by: BLNTuple
*** description: VirtualDetector/mkr
**************************************************************************
BLCMDvirtualdetector::Construct mkr parent= relZ=54750.0 globZ=54750.0
Checking overlaps for volume mkr:0 (G4Tubs) ... Checking overlaps for volume qfs:0 (G4Tubs) ... OK! 
BLCMDgenericquad::Construct qfs parent= relZ=65750.0 globZ=65750.0
Checking overlaps for volume qfs:0 (G4Tubs) ... OK! 
BLCMDgenericquad::Construct qfs parent= relZ=66250.0 globZ=66250.0
**************************************************************************
*** G4Exception: GeomVol1002
***    severity: Warning
***   issued by: G4PVPlacement::CheckOverlaps()
*** description: Overlap with volume already placed !
          Overlap is detected for volume mkr:0 (G4Tubs) with qfs:0 (G4Tubs)
          overlap at local point (184.791,9.08232,0.5) by 6.4986 cm  (max of 642 cases)
NOTE: Reached maximum fixed number -1- of overlaps reports for this volume !
**************************************************************************
**************************************************************************
*** G4Exception: Duplicate NTuple
***    severity: Warning
***   issued by: BLNTuple
*** description: VirtualDetector/mkr
**************************************************************************
BLCMDvirtualdetector::Construct mkr parent= relZ=66250.0 globZ=66250.0
Checking overlaps for volume mkr:0 (G4Tubs) ... Checking overlaps for volume qds:0 (G4Tubs) ... OK! 
BLCMDgenericquad::Construct qds parent= relZ=76750.0 globZ=76750.0
Checking overlaps for volume qds:0 (G4Tubs) ... OK! 
BLCMDgenericquad::Construct qds parent= relZ=77250.0 globZ=77250.0
**************************************************************************
*** G4Exception: GeomVol1002
***    severity: Warning
***   issued by: G4PVPlacement::CheckOverlaps()
*** description: Overlap with volume already placed !
          Overlap is detected for volume mkr:0 (G4Tubs) with qds:0 (G4Tubs)
          overlap at local point (177.316,52.6638,0.5) by 6.4971 cm  (max of 647 cases)
NOTE: Reached maximum fixed number -1- of overlaps reports for this volume !
**************************************************************************
**************************************************************************
*** G4Exception: Duplicate NTuple
***    severity: Warning
***   issued by: BLNTuple
*** description: VirtualDetector/mkr
**************************************************************************
BLCMDvirtualdetector::Construct mkr parent= relZ=76750.0 globZ=76750.0
Checking overlaps for volume mkr:0 (G4Tubs) ... Checking overlaps for volume qfs:0 (G4Tubs) ... OK! 
BLCMDgenericquad::Construct qfs parent= relZ=87750.0 globZ=87750.0
Checking overlaps for volume qfs:0 (G4Tubs) ... OK! 
BLCMDgenericquad::Construct qfs parent= relZ=88250.0 globZ=88250.0
**************************************************************************
*** G4Exception: GeomVol1002
***    severity: Warning
***   issued by: G4PVPlacement::CheckOverlaps()
*** description: Overlap with volume already placed !
          Overlap is detected for volume mkr:0 (G4Tubs) with qfs:0 (G4Tubs)
          overlap at local point (-184.268,16.2227,-0.5) by 6.49803 cm  (max of 650 cases)
NOTE: Reached maximum fixed number -1- of overlaps reports for this volume !
**************************************************************************
**************************************************************************
*** G4Exception: Duplicate NTuple
***    severity: Warning
***   issued by: BLNTuple
*** description: VirtualDetector/mkr
**************************************************************************
BLCMDvirtualdetector::Construct mkr parent= relZ=88250.0 globZ=88250.0
Checking overlaps for volume mkr:0 (G4Tubs) ... Checking overlaps for volume qds:0 (G4Tubs) ... OK! 
BLCMDgenericquad::Construct qds parent= relZ=98750.0 globZ=98750.0
Checking overlaps for volume qds:0 (G4Tubs) ... OK! 
BLCMDgenericquad::Construct qds parent= relZ=99250.0 globZ=99250.0
**************************************************************************
*** G4Exception: GeomVol1002
***    severity: Warning
***   issued by: G4PVPlacement::CheckOverlaps()
*** description: Overlap with volume already placed !
          Overlap is detected for volume mkr:0 (G4Tubs) with qds:0 (G4Tubs)
          overlap at local point (96.369,157.617,-0.5) by 6.47435 cm  (max of 644 cases)
NOTE: Reached maximum fixed number -1- of overlaps reports for this volume !
***    printing: every 10-th occurrence
**************************************************************************
**************************************************************************
*** G4Exception: Duplicate NTuple
***    severity: Warning
***   issued by: BLNTuple
*** description: VirtualDetector/mkr
**************************************************************************
BLCMDvirtualdetector::Construct mkr parent= relZ=98750.0 globZ=98750.0
Checking overlaps for volume mkr:0 (G4Tubs) ... Checking overlaps for volume qfs:0 (G4Tubs) ... OK! 
BLCMDgenericquad::Construct qfs parent= relZ=109750.0 globZ=109750.0
Checking overlaps for volume qfs:0 (G4Tubs) ... OK! 
BLCMDgenericquad::Construct qfs parent= relZ=110250.0 globZ=110250.0
**************************************************************************
*** G4Exception: Duplicate NTuple
***    severity: Warning
***   issued by: BLNTuple
*** description: VirtualDetector/mkr
***    printing: every 10-th occurrence
**************************************************************************
BLCMDvirtualdetector::Construct mkr parent= relZ=110250.0 globZ=110250.0
Checking overlaps for volume mkr:0 (G4Tubs) ... Checking overlaps for volume qds:0 (G4Tubs) ... OK! 
BLCMDgenericquad::Construct qds parent= relZ=120750.0 globZ=120750.0
Checking overlaps for volume qds:0 (G4Tubs) ... OK! 
BLCMDgenericquad::Construct qds parent= relZ=121250.0 globZ=121250.0
BLCMDvirtualdetector::Construct mkr parent= relZ=120750.0 globZ=120750.0
Checking overlaps for volume mkr:0 (G4Tubs) ... Checking overlaps for volume qfs:0 (G4Tubs) ... OK! 
BLCMDgenericquad::Construct qfs parent= relZ=131750.0 globZ=131750.0
Checking overlaps for volume qfds:0 (G4Tubs) ... OK! 
BLCMDgenericquad::Construct qfds parent= relZ=132250.0 globZ=132250.0
BLCMDvirtualdetector::Construct mkr parent= relZ=132250.0 globZ=132250.0
Checking overlaps for volume mkr:0 (G4Tubs) ... Checking overlaps for volume bsup:0 (G4SubtractionSolid) ... OK! 
BLCMDidealsectorbend::Construct bsup parent= relZ=137500.0 globZ=137500.0
BLCMDgenericquad::Construct qdds parent= relZ=142750.5 globZ=142750.5
BLCMDgenericquad::Construct qdds parent= relZ=143247.4 globZ=143247.4
BLCMDvirtualdetector::Construct mkr parent= relZ=142750.5 globZ=141837.2
Checking overlaps for volume qdds:0 (G4Tubs) ... Checking overlaps for volume qdds:0 (G4Tubs) ... Checking overlaps for volume mkr:0 (G4Tubs) ... Checking overlaps for volume bsup:0 (G4SubtractionSolid) ... OK! 
BLCMDidealsectorbend::Construct bsup parent= relZ=148464.4 globZ=140481.1
BLCMDgenericquad::Construct qfds parent= relZ=153666.1 globZ=153666.1
BLCMDgenericquad::Construct qfds parent= relZ=154153.6 globZ=154153.6
BLCMDvirtualdetector::Construct mkr parent= relZ=154153.6 globZ=149927.5
Checking overlaps for volume qfds:0 (G4Tubs) ... Checking overlaps for volume qfds:0 (G4Tubs) ... Checking overlaps for volume mkr:0 (G4Tubs) ... Checking overlaps for volume bsup:0 (G4SubtractionSolid) ... OK! 
BLCMDidealsectorbend::Construct bsup parent= relZ=159272.0 globZ=143405.9
**************************************************************************
*** G4Exception: GeomVol1002
***    severity: Warning
***   issued by: G4PVPlacement::CheckOverlaps()
*** description: Overlap with volume already placed !
          Overlap is detected for volume qdds:0 (G4Tubs) with bsup:0 (G4SubtractionSolid)
          overlap at local point (71139.6,-5434.14,-249.999) by 4.99991 cm  (max of 259 cases)
NOTE: Reached maximum fixed number -1- of overlaps reports for this volume !
***    printing: every 10-th occurrence
**************************************************************************
BLCMDgenericquad::Construct qdds parent= relZ=164359.6 globZ=164359.6
BLCMDgenericquad::Construct qdds parent= relZ=164831.5 globZ=164831.5
BLCMDvirtualdetector::Construct mkr parent= relZ=164359.6 globZ=153783.3
Checking overlaps for volume qdds:0 (G4Tubs) ... Checking overlaps for volume qdds:0 (G4Tubs) ... Checking overlaps for volume mkr:0 (G4Tubs) ... Checking overlaps for volume bsup:0 (G4SubtractionSolid) ... OK! 
BLCMDidealsectorbend::Construct bsup parent= relZ=169786.9 globZ=146237.6
BLCMDgenericquad::Construct qfds parent= relZ=174696.4 globZ=174696.4
BLCMDgenericquad::Construct qfrt parent= relZ=175146.9 globZ=175146.9
BLCMDvirtualdetector::Construct mkr parent= relZ=175146.9 globZ=154296.5
Checking overlaps for volume qfds:0 (G4Tubs) ... Checking overlaps for volume qfrt:0 (G4Tubs) ... Checking overlaps for volume mkr:0 (G4Tubs) ... Checking overlaps for volume brt:0 (G4SubtractionSolid) ... OK! 
BLCMDidealsectorbend::Construct brt parent= relZ=179877.0 globZ=164408.7
BLCMDgenericquad::Construct qdrt parent= relZ=184486.6 globZ=184486.6
BLCMDgenericquad::Construct qdrt parent= relZ=184877.5 globZ=184877.5
BLCMDvirtualdetector::Construct mkr parent= relZ=184486.6 globZ=136200.8
Checking overlaps for volume qdrt:0 (G4Tubs) ... Checking overlaps for volume qdrt:0 (G4Tubs) ... Checking overlaps for volume mkr:0 (G4Tubs) ... Checking overlaps for volume brt:0 (G4SubtractionSolid) ... OK! 
BLCMDidealsectorbend::Construct brt parent= relZ=188982.1 globZ=166754.2
BLCMDgenericquad::Construct qfrt parent= relZ=192912.5 globZ=192912.5
**************************************************************************
*** G4Exception: GeomVol1002
***    severity: Warning
***   issued by: G4PVPlacement::CheckOverlaps()
*** description: Overlap with volume already placed !
          Overlap is detected for volume qfrt:0 (G4Tubs) with brt:0 (G4SubtractionSolid)
          overlap at local point (35204.9,-5968.88,250) by 4.99999 cm  (max of 239 cases)
NOTE: Reached maximum fixed number -1- of overlaps reports for this volume !
***    printing: every 10-th occurrence
**************************************************************************
BLCMDgenericquad::Construct qfrt parent= relZ=193224.2 globZ=193224.2
BLCMDvirtualdetector::Construct mkr parent= relZ=193224.2 globZ=104554.7
Checking overlaps for volume qfrt:0 (G4Tubs) ... Checking overlaps for volume qfrt:0 (G4Tubs) ... Checking overlaps for volume mkr:0 (G4Tubs) ... Checking overlaps for volume brt:0 (G4SubtractionSolid) ... OK! 
BLCMDidealsectorbend::Construct brt parent= relZ=196497.5 globZ=168624.7
BLCMDgenericquad::Construct qdrt parent= relZ=199551.7 globZ=199551.7
BLCMDgenericquad::Construct qdrt parent= relZ=199768.6 globZ=199768.6
BLCMDvirtualdetector::Construct mkr parent= relZ=199551.7 globZ=60681.9
Checking overlaps for volume qdrt:0 (G4Tubs) ... Checking overlaps for volume qdrt:0 (G4Tubs) ... Checking overlaps for volume mkr:0 (G4Tubs) ... Checking overlaps for volume brt:0 (G4SubtractionSolid) ... OK! 
BLCMDidealsectorbend::Construct brt parent= relZ=202046.5 globZ=169926.4
BLCMDgenericquad::Construct qfrt parent= relZ=204071.3 globZ=204071.3
BLCMDgenericquad::Construct qfrt parent= relZ=204182.6 globZ=204182.6
**************************************************************************
*** G4Exception: Duplicate NTuple
***    severity: Warning
***   issued by: BLNTuple
*** description: VirtualDetector/mkr
***    printing: every 10-th occurrence
**************************************************************************
BLCMDvirtualdetector::Construct mkr parent= relZ=204182.6 globZ=7150.0
Checking overlaps for volume qfrt:0 (G4Tubs) ... Checking overlaps for volume qfrt:0 (G4Tubs) ... Checking overlaps for volume mkr:0 (G4Tubs) ... Checking overlaps for volume brt:0 (G4SubtractionSolid) ... OK! 
BLCMDidealsectorbend::Construct brt parent= relZ=205350.8 globZ=170593.9
BLCMDgenericquad::Construct qdrt parent= relZ=206244.6 globZ=206244.6
BLCMDgenericquad::Construct qdrt parent= relZ=206244.6 globZ=206244.6
**************************************************************************
*** G4Exception: GeomVol1002
***    severity: Warning
***   issued by: G4PVPlacement::CheckOverlaps()
*** description: Overlap with volume already placed !
          Overlap is detected for volume mkr:0 (G4Tubs) with qdrt:0 (G4Tubs)
          overlap at local point (176.177,56.6212,0.5) by 6.49482 cm  (max of 651 cases)
NOTE: Reached maximum fixed number -1- of overlaps reports for this volume !
***    printing: every 10-th occurrence
**************************************************************************
BLCMDvirtualdetector::Construct mkr parent= relZ=206244.6 globZ=-49570.8
Checking overlaps for volume qdrt:0 (G4Tubs) ... Checking overlaps for volume qdrt:0 (G4Tubs) ... Checking overlaps for volume mkr:0 (G4Tubs) ... Checking overlaps for volume brt:0 (G4SubtractionSolid) ... OK! 
BLCMDidealsectorbend::Construct brt parent= relZ=206244.6 globZ=170593.9
BLCMDgenericquad::Construct qfrt parent= relZ=205962.7 globZ=205962.7
BLCMDgenericquad::Construct qfrt parent= relZ=205851.5 globZ=205851.5
BLCMDvirtualdetector::Construct mkr parent= relZ=205851.5 globZ=-105335.6
Checking overlaps for volume qfrt:0 (G4Tubs) ... Checking overlaps for volume qfrt:0 (G4Tubs) ... Checking overlaps for volume mkr:0 (G4Tubs) ... Checking overlaps for volume brt:0 (G4SubtractionSolid) ... OK! 
BLCMDidealsectorbend::Construct brt parent= relZ=204683.2 globZ=169926.4
BLCMDgenericquad::Construct qdrt parent= relZ=203239.7 globZ=203239.7
BLCMDgenericquad::Construct qdrt parent= relZ=203022.8 globZ=203022.8
BLCMDvirtualdetector::Construct mkr parent= relZ=203239.7 globZ=-152364.0
Checking overlaps for volume qdrt:0 (G4Tubs) ... Checking overlaps for volume qdrt:0 (G4Tubs) ... Checking overlaps for volume mkr:0 (G4Tubs) ... Checking overlaps for volume brt:0 (G4SubtractionSolid) ... OK! 
BLCMDidealsectorbend::Construct brt parent= relZ=200744.9 globZ=168624.7
BLCMDgenericquad::Construct qfrt parent= relZ=198212.2 globZ=198212.2
BLCMDgenericquad::Construct qfrt parent= relZ=197900.4 globZ=197900.4
BLCMDvirtualdetector::Construct mkr parent= relZ=197900.4 globZ=-187043.4
Checking overlaps for volume qfrt:0 (G4Tubs) ... Checking overlaps for volume qfrt:0 (G4Tubs) ... Checking overlaps for volume mkr:0 (G4Tubs) ... Checking overlaps for volume brt:0 (G4SubtractionSolid) ... OK! 
BLCMDidealsectorbend::Construct brt parent= relZ=194627.1 globZ=166754.2
**************************************************************************
*** G4Exception: GeomVol1002
***    severity: Warning
***   issued by: G4PVPlacement::CheckOverlaps()
*** description: Overlap with volume already placed !
          Overlap is detected for volume qdrt:0 (G4Tubs) with brt:0 (G4SubtractionSolid)
          overlap at local point (35370.3,-5244.89,-250) by 5 cm  (max of 219 cases)
NOTE: Reached maximum fixed number -1- of overlaps reports for this volume !
***    printing: every 10-th occurrence
**************************************************************************
BLCMDgenericquad::Construct qdrt parent= relZ=191132.1 globZ=191132.1
BLCMDgenericquad::Construct qdrt parent= relZ=190741.2 globZ=190741.2
BLCMDvirtualdetector::Construct mkr parent= relZ=191132.1 globZ=-205205.7
Checking overlaps for volume qdrt:0 (G4Tubs) ... Checking overlaps for volume qdrt:0 (G4Tubs) ... Checking overlaps for volume mkr:0 (G4Tubs) ... Checking overlaps for volume brt:0 (G4SubtractionSolid) ... OK! 
BLCMDidealsectorbend::Construct brt parent= relZ=186636.6 globZ=164408.7
BLCMDgenericquad::Construct qfrt parent= relZ=182354.7 globZ=182354.7
BLCMDgenericquad::Construct qfrt parent= relZ=181904.2 globZ=181904.2
BLCMDvirtualdetector::Construct mkr parent= relZ=181904.2 globZ=-205676.7
Checking overlaps for volume qfrt:0 (G4Tubs) ... Checking overlaps for volume qfrt:0 (G4Tubs) ... Checking overlaps for volume mkr:0 (G4Tubs) ... Checking overlaps for volume brt:0 (G4SubtractionSolid) ... OK! 
BLCMDidealsectorbend::Construct brt parent= relZ=177174.1 globZ=161705.8
BLCMDgenericquad::Construct qdrt parent= relZ=172319.9 globZ=172319.9
BLCMDgenericquad::Construct qdrt parent= relZ=171832.5 globZ=171832.5
BLCMDvirtualdetector::Construct mkr parent= relZ=172319.9 globZ=-190387.6
Checking overlaps for volume qdrt:0 (G4Tubs) ... Checking overlaps for volume qdrt:0 (G4Tubs) ... Checking overlaps for volume mkr:0 (G4Tubs) ... Checking overlaps for volume brt:0 (G4SubtractionSolid) ... OK! 
BLCMDidealsectorbend::Construct brt parent= relZ=166714.1 globZ=158781.0
BLCMDgenericquad::Construct qfrt parent= relZ=161531.1 globZ=161531.1
**************************************************************************
*** G4Exception: GeomVol1002
***    severity: Warning
***   issued by: G4PVPlacement::CheckOverlaps()
*** description: Overlap with volume already placed !
          Overlap is detected for volume qfrt:0 (G4Tubs) with brt:0 (G4SubtractionSolid)
          overlap at local point (35258.3,-5737.08,250) by 4.99999 cm  (max of 262 cases)
NOTE: Reached maximum fixed number -1- of overlaps reports for this volume !
***    printing: every 10-th occurrence
**************************************************************************
BLCMDgenericquad::Construct qfrt parent= relZ=161031.1 globZ=161031.1
BLCMDvirtualdetector::Construct mkr parent= relZ=161031.1 globZ=-161031.1
Checking overlaps for volume qfrt:0 (G4Tubs) ... Checking overlaps for volume qfrt:0 (G4Tubs) ... Checking overlaps for volume mkr:0 (G4Tubs) ... Checking overlaps for volume brt:0 (G4SubtractionSolid) ... OK! 
BLCMDidealsectorbend::Construct brt parent= relZ=155781.1 globZ=155781.0
BLCMDgenericquad::Construct qdrt parent= relZ=150529.1 globZ=150529.1
BLCMDgenericquad::Construct qdrt parent= relZ=150041.6 globZ=150041.6
BLCMDvirtualdetector::Construct mkr parent= relZ=150529.1 globZ=-123946.1
Checking overlaps for volume qdrt:0 (G4Tubs) ... Checking overlaps for volume qdrt:0 (G4Tubs) ... Checking overlaps for volume mkr:0 (G4Tubs) ... Checking overlaps for volume brt:0 (G4SubtractionSolid) ... OK! 
BLCMDidealsectorbend::Construct brt parent= relZ=144923.2 globZ=152856.3
BLCMDgenericquad::Construct qfrt parent= relZ=139865.7 globZ=139865.7
BLCMDgenericquad::Construct qfds parent= relZ=139415.2 globZ=139415.2
**************************************************************************
*** G4Exception: Duplicate NTuple
***    severity: Warning
***   issued by: BLNTuple
*** description: VirtualDetector/mkr
***    printing: every 10-th occurrence
**************************************************************************
BLCMDvirtualdetector::Construct mkr parent= relZ=139415.2 globZ=-82410.2
Checking overlaps for volume qfrt:0 (G4Tubs) ... Checking overlaps for volume qfds:0 (G4Tubs) ... Checking overlaps for volume mkr:0 (G4Tubs) ... Checking overlaps for volume bsup:0 (G4SubtractionSolid) ... OK! 
BLCMDidealsectorbend::Construct bsup parent= relZ=134685.1 globZ=165621.6
BLCMDgenericquad::Construct qdds parent= relZ=130015.5 globZ=130015.5
BLCMDgenericquad::Construct qdds parent= relZ=129592.1 globZ=129592.1
**************************************************************************
*** G4Exception: GeomVol1002
***    severity: Warning
***   issued by: G4PVPlacement::CheckOverlaps()
*** description: Overlap with volume already placed !
          Overlap is detected for volume mkr:0 (G4Tubs) with qdds:0 (G4Tubs)
          overlap at local point (181.479,36.1431,-0.5) by 6.4957 cm  (max of 647 cases)
NOTE: Reached maximum fixed number -1- of overlaps reports for this volume !
***    printing: every 10-th occurrence
**************************************************************************
BLCMDvirtualdetector::Construct mkr parent= relZ=130015.5 globZ=-59608.1
Checking overlaps for volume qdds:0 (G4Tubs) ... Checking overlaps for volume qdds:0 (G4Tubs) ... Checking overlaps for volume mkr:0 (G4Tubs) ... Checking overlaps for volume bsup:0 (G4SubtractionSolid) ... OK! 
BLCMDidealsectorbend::Construct bsup parent= relZ=125146.8 globZ=163081.4
BLCMDgenericquad::Construct qfds parent= relZ=120775.8 globZ=120775.8
BLCMDgenericquad::Construct qfds parent= relZ=120384.9 globZ=120384.9
BLCMDvirtualdetector::Construct mkr parent= relZ=120384.9 globZ=-38881.5
Checking overlaps for volume qfds:0 (G4Tubs) ... Checking overlaps for volume qfds:0 (G4Tubs) ... Checking overlaps for volume mkr:0 (G4Tubs) ... Checking overlaps for volume bsup:0 (G4SubtractionSolid) ... OK! 
BLCMDidealsectorbend::Construct bsup parent= relZ=116280.3 globZ=160735.9
BLCMDgenericquad::Construct qdds parent= relZ=112262.8 globZ=112262.8
BLCMDgenericquad::Construct qdds parent= relZ=111909.2 globZ=111909.2
BLCMDvirtualdetector::Construct mkr parent= relZ=112262.8 globZ=-21441.5
Checking overlaps for volume qdds:0 (G4Tubs) ... Checking overlaps for volume qdds:0 (G4Tubs) ... Checking overlaps for volume mkr:0 (G4Tubs) ... Checking overlaps for volume bsup:0 (G4SubtractionSolid) ... OK! 
BLCMDidealsectorbend::Construct bsup parent= relZ=108196.9 globZ=158614.6
BLCMDgenericquad::Construct qfds parent= relZ=104583.5 globZ=104583.5
BLCMDgenericquad::Construct qfs parent= relZ=104271.8 globZ=104271.8
BLCMDvirtualdetector::Construct mkr parent= relZ=104271.8 globZ=-7413.9
Checking overlaps for volume qfds:0 (G4Tubs) ... Checking overlaps for volume qfs:0 (G4Tubs) ... Checking overlaps for volume mkr:0 (G4Tubs) ... Checking overlaps for volume qds:0 (G4Tubs) ... OK! 
BLCMDgenericquad::Construct qds parent= relZ=97725.1 globZ=97725.1
Checking overlaps for volume qds:0 (G4Tubs) ... OK! 
BLCMDgenericquad::Construct qds parent= relZ=97413.4 globZ=97413.4
**************************************************************************
*** G4Exception: GeomVol1002
***    severity: Warning
***   issued by: G4PVPlacement::CheckOverlaps()
*** description: Overlap with volume already placed !
          Overlap is detected for volume mkr:0 (G4Tubs) with qds:0 (G4Tubs)
          overlap at local point (156.548,-98.5709,-0.5) by 6.49958 cm  (max of 641 cases)
NOTE: Reached maximum fixed number -1- of overlaps reports for this volume !
***    printing: every 10-th occurrence
**************************************************************************
BLCMDvirtualdetector::Construct mkr parent= relZ=97725.1 globZ=-9750.4
Checking overlaps for volume mkr:0 (G4Tubs) ... Checking overlaps for volume qfs:0 (G4Tubs) ... OK! 
BLCMDgenericquad::Construct qfs parent= relZ=90866.8 globZ=90866.8
Checking overlaps for volume qfs:0 (G4Tubs) ... OK! 
BLCMDgenericquad::Construct qfs parent= relZ=90555.0 globZ=90555.0
BLCMDvirtualdetector::Construct mkr parent= relZ=90555.0 globZ=-12309.4
Checking overlaps for volume mkr:0 (G4Tubs) ... Checking overlaps for volume qds:0 (G4Tubs) ... OK! 
BLCMDgenericquad::Construct qds parent= relZ=84008.4 globZ=84008.4
Checking overlaps for volume qds:0 (G4Tubs) ... OK! 
BLCMDgenericquad::Construct qds parent= relZ=83696.6 globZ=83696.6
BLCMDvirtualdetector::Construct mkr parent= relZ=84008.4 globZ=-14645.8
Checking overlaps for volume mkr:0 (G4Tubs) ... Checking overlaps for volume qfs:0 (G4Tubs) ... OK! 
BLCMDgenericquad::Construct qfs parent= relZ=77150.0 globZ=77150.0
Checking overlaps for volume qfs:0 (G4Tubs) ... OK! 
BLCMDgenericquad::Construct qfs parent= relZ=76838.2 globZ=76838.2
BLCMDvirtualdetector::Construct mkr parent= relZ=76838.2 globZ=-17204.8
Checking overlaps for volume mkr:0 (G4Tubs) ... Checking overlaps for volume qds:0 (G4Tubs) ... OK! 
BLCMDgenericquad::Construct qds parent= relZ=70291.6 globZ=70291.6
Checking overlaps for volume qds:0 (G4Tubs) ... OK! 
BLCMDgenericquad::Construct qds parent= relZ=69979.8 globZ=69979.8
BLCMDvirtualdetector::Construct mkr parent= relZ=70291.6 globZ=-19541.3
Checking overlaps for volume mkr:0 (G4Tubs) ... Checking overlaps for volume qfs:0 (G4Tubs) ... OK! 
BLCMDgenericquad::Construct qfs parent= relZ=63433.2 globZ=63433.2
Checking overlaps for volume qfs:0 (G4Tubs) ... OK! 
BLCMDgenericquad::Construct qfs parent= relZ=63121.4 globZ=63121.4
**************************************************************************
*** G4Exception: Duplicate NTuple
***    severity: Warning
***   issued by: BLNTuple
*** description: VirtualDetector/mkr
***    printing: every 10-th occurrence
**************************************************************************
BLCMDvirtualdetector::Construct mkr parent= relZ=63121.4 globZ=-22100.3
Checking overlaps for volume mkr:0 (G4Tubs) ... Checking overlaps for volume qds:0 (G4Tubs) ... OK! 
BLCMDgenericquad::Construct qds parent= relZ=56574.8 globZ=56574.8
Checking overlaps for volume qds:0 (G4Tubs) ... OK! 
BLCMDgenericquad::Construct qds parent= relZ=56263.1 globZ=56263.1
BLCMDvirtualdetector::Construct mkr parent= relZ=56574.8 globZ=-24436.7
Checking overlaps for volume mkr:0 (G4Tubs) ... Checking overlaps for volume qfs:0 (G4Tubs) ... OK! 
BLCMDgenericquad::Construct qfs parent= relZ=49716.4 globZ=49716.4
Checking overlaps for volume qfs:0 (G4Tubs) ... OK! 
BLCMDgenericquad::Construct qfs parent= relZ=49404.7 globZ=49404.7
BLCMDvirtualdetector::Construct mkr parent= relZ=49404.7 globZ=-26995.7
Checking overlaps for volume mkr:0 (G4Tubs) ... Checking overlaps for volume qds:0 (G4Tubs) ... OK! 
BLCMDgenericquad::Construct qds parent= relZ=42858.0 globZ=42858.0
Checking overlaps for volume qds:0 (G4Tubs) ... OK! 
BLCMDgenericquad::Construct qds parent= relZ=42546.3 globZ=42546.3
BLCMDvirtualdetector::Construct mkr parent= relZ=42858.0 globZ=-29332.2
Checking overlaps for volume mkr:0 (G4Tubs) ... Checking overlaps for volume qfs:0 (G4Tubs) ... OK! 
BLCMDgenericquad::Construct qfs parent= relZ=35999.6 globZ=35999.6
Checking overlaps for volume qfs:0 (G4Tubs) ... OK! 
BLCMDgenericquad::Construct qfs parent= relZ=35687.9 globZ=35687.9
BLCMDvirtualdetector::Construct mkr parent= relZ=35687.9 globZ=-31891.1
Checking overlaps for volume mkr:0 (G4Tubs) ... Checking overlaps for volume qds:0 (G4Tubs) ... OK! 
BLCMDgenericquad::Construct qds parent= relZ=29141.2 globZ=29141.2
Checking overlaps for volume qds:0 (G4Tubs) ... OK! 
BLCMDgenericquad::Construct qds parent= relZ=28829.5 globZ=28829.5
**************************************************************************
*** G4Exception: GeomVol1002
***    severity: Warning
***   issued by: G4PVPlacement::CheckOverlaps()
*** description: Overlap with volume already placed !
          Overlap is detected for volume mkr:0 (G4Tubs) with qds:0 (G4Tubs)
          overlap at local point (-66.593,-172.534,-0.5) by 6.49392 cm  (max of 635 cases)
NOTE: Reached maximum fixed number -1- of overlaps reports for this volume !
***    printing: every 10-th occurrence
**************************************************************************
BLCMDvirtualdetector::Construct mkr parent= relZ=29141.2 globZ=-34227.6
Checking overlaps for volume mkr:0 (G4Tubs) ... Checking overlaps for volume qfs:0 (G4Tubs) ... OK! 
BLCMDgenericquad::Construct qfs parent= relZ=22282.8 globZ=22282.8
Checking overlaps for volume qfds:0 (G4Tubs) ... OK! 
BLCMDgenericquad::Construct qfds parent= relZ=21971.1 globZ=21971.1
BLCMDvirtualdetector::Construct mkr parent= relZ=21971.1 globZ=-36786.6
Checking overlaps for volume mkr:0 (G4Tubs) ... Checking overlaps for volume bsup:0 (G4SubtractionSolid) ... OK! 
BLCMDidealsectorbend::Construct bsup parent= relZ=18697.8 globZ=74443.4
BLCMDgenericquad::Construct qdds parent= relZ=15533.9 globZ=15533.9
BLCMDgenericquad::Construct qdds parent= relZ=15267.9 globZ=15267.9
BLCMDvirtualdetector::Construct mkr parent= relZ=15533.9 globZ=-40294.1
Checking overlaps for volume qdds:0 (G4Tubs) ... Checking overlaps for volume qdds:0 (G4Tubs) ... Checking overlaps for volume mkr:0 (G4Tubs) ... Checking overlaps for volume bsup:0 (G4SubtractionSolid) ... OK! 
BLCMDidealsectorbend::Construct bsup parent= relZ=12474.7 globZ=72847.3
BLCMDgenericquad::Construct qfds parent= relZ=9800.2 globZ=9800.2
BLCMDgenericquad::Construct qfds parent= relZ=9583.3 globZ=9583.3
BLCMDvirtualdetector::Construct mkr parent= relZ=9583.3 globZ=-47104.7
Checking overlaps for volume qfds:0 (G4Tubs) ... Checking overlaps for volume qfds:0 (G4Tubs) ... Checking overlaps for volume mkr:0 (G4Tubs) ... Checking overlaps for volume bsup:0 (G4SubtractionSolid) ... OK! 
BLCMDidealsectorbend::Construct bsup parent= relZ=7305.4 globZ=71545.7
BLCMDgenericquad::Construct qdds parent= relZ=5153.8 globZ=5153.8
BLCMDgenericquad::Construct qdds parent= relZ=4988.6 globZ=4988.6
**************************************************************************
*** G4Exception: GeomVol1002
***    severity: Warning
***   issued by: G4PVPlacement::CheckOverlaps()
*** description: Overlap with volume already placed !
          Overlap is detected for volume mkr:0 (G4Tubs) with qdds:0 (G4Tubs)
          overlap at local point (177.88,-50.6629,-0.5) by 6.49541 cm  (max of 628 cases)
NOTE: Reached maximum fixed number -1- of overlaps reports for this volume !
***    printing: every 100-th occurrence
**************************************************************************
BLCMDvirtualdetector::Construct mkr parent= relZ=5153.8 globZ=-55681.7
Checking overlaps for volume qdds:0 (G4Tubs) ... Checking overlaps for volume qdds:0 (G4Tubs) ... Checking overlaps for volume mkr:0 (G4Tubs) ... Checking overlaps for volume bsup:0 (G4SubtractionSolid) ... OK! 
BLCMDidealsectorbend::Construct bsup parent= relZ=3254.7 globZ=70554.9
BLCMDgenericquad::Construct qfds parent= relZ=1653.1 globZ=1653.1
BLCMDgenericquad::Construct qfrt parent= relZ=1541.8 globZ=1541.8
**************************************************************************
*** G4Exception: Duplicate NTuple
***    severity: Warning
***   issued by: BLNTuple
*** description: VirtualDetector/mkr
***    printing: every 10-th occurrence
**************************************************************************
BLCMDvirtualdetector::Construct mkr parent= relZ=1541.8 globZ=-66741.4
Checking overlaps for volume qfds:0 (G4Tubs) ... Checking overlaps for volume qfrt:0 (G4Tubs) ... Checking overlaps for volume mkr:0 (G4Tubs) ... Checking overlaps for volume brt:0 (G4SubtractionSolid) ... OK! 
BLCMDidealsectorbend::Construct brt parent= relZ=373.6 globZ=35130.4
BLCMDgenericquad::Construct qdrt parent= relZ=-520.3 globZ=-520.3
BLCMDgenericquad::Construct qdrt parent= relZ=-520.3 globZ=-520.3
BLCMDvirtualdetector::Construct mkr parent= relZ=-520.3 globZ=-78407.2
Checking overlaps for volume qdrt:0 (G4Tubs) ... Checking overlaps for volume qdrt:0 (G4Tubs) ... Checking overlaps for volume mkr:0 (G4Tubs) ... Checking overlaps for volume brt:0 (G4SubtractionSolid) ... OK! 
BLCMDidealsectorbend::Construct brt parent= relZ=-520.3 globZ=35130.4
BLCMDgenericquad::Construct qfrt parent= relZ=-238.4 globZ=-238.4
BLCMDgenericquad::Construct qfrt parent= relZ=-127.1 globZ=-127.1
BLCMDvirtualdetector::Construct mkr parent= relZ=-127.1 globZ=-87671.1
Checking overlaps for volume qfrt:0 (G4Tubs) ... Checking overlaps for volume qfrt:0 (G4Tubs) ... Checking overlaps for volume mkr:0 (G4Tubs) ... Checking overlaps for volume brt:0 (G4SubtractionSolid) ... OK! 
BLCMDidealsectorbend::Construct brt parent= relZ=1041.1 globZ=35798.0
BLCMDgenericquad::Construct qdrt parent= relZ=2484.6 globZ=2484.6
BLCMDgenericquad::Construct qdrt parent= relZ=2701.6 globZ=2701.6
BLCMDvirtualdetector::Construct mkr parent= relZ=2484.6 globZ=-89084.3
Checking overlaps for volume qdrt:0 (G4Tubs) ... Checking overlaps for volume qdrt:0 (G4Tubs) ... Checking overlaps for volume mkr:0 (G4Tubs) ... Checking overlaps for volume brt:0 (G4SubtractionSolid) ... OK! 
BLCMDidealsectorbend::Construct brt parent= relZ=4979.5 globZ=37099.7
BLCMDgenericquad::Construct qfrt parent= relZ=7512.2 globZ=7512.2
BLCMDgenericquad::Construct qfrt parent= relZ=7823.9 globZ=7823.9
BLCMDvirtualdetector::Construct mkr parent= relZ=7823.9 globZ=-81321.7
Checking overlaps for volume qfrt:0 (G4Tubs) ... Checking overlaps for volume qfrt:0 (G4Tubs) ... Checking overlaps for volume mkr:0 (G4Tubs) ... Checking overlaps for volume brt:0 (G4SubtractionSolid) ... OK! 
BLCMDidealsectorbend::Construct brt parent= relZ=11097.3 globZ=38970.1
BLCMDgenericquad::Construct qdrt parent= relZ=14592.2 globZ=14592.2
BLCMDgenericquad::Construct qdrt parent= relZ=14983.1 globZ=14983.1
BLCMDvirtualdetector::Construct mkr parent= relZ=14592.2 globZ=-62343.2
Checking overlaps for volume qdrt:0 (G4Tubs) ... Checking overlaps for volume qdrt:0 (G4Tubs) ... Checking overlaps for volume mkr:0 (G4Tubs) ... Checking overlaps for volume brt:0 (G4SubtractionSolid) ... OK! 
BLCMDidealsectorbend::Construct brt parent= relZ=19087.7 globZ=41315.6
BLCMDgenericquad::Construct qfrt parent= relZ=23369.7 globZ=23369.7
BLCMDgenericquad::Construct qfrt parent= relZ=23820.2 globZ=23820.2
BLCMDvirtualdetector::Construct mkr parent= relZ=23820.2 globZ=-32837.2
Checking overlaps for volume qfrt:0 (G4Tubs) ... Checking overlaps for volume qfrt:0 (G4Tubs) ... Checking overlaps for volume mkr:0 (G4Tubs) ... Checking overlaps for volume brt:0 (G4SubtractionSolid) ... OK! 
BLCMDidealsectorbend::Construct brt parent= relZ=28550.2 globZ=44018.5
BLCMDgenericquad::Construct qdrt parent= relZ=33404.4 globZ=33404.4
BLCMDgenericquad::Construct qdrt parent= relZ=33891.9 globZ=33891.9
BLCMDvirtualdetector::Construct mkr parent= relZ=33404.4 globZ=3762.0
Checking overlaps for volume qdrt:0 (G4Tubs) ... Checking overlaps for volume qdrt:0 (G4Tubs) ... Checking overlaps for volume mkr:0 (G4Tubs) ... Checking overlaps for volume brt:0 (G4SubtractionSolid) ... OK! 
BLCMDidealsectorbend::Construct brt parent= relZ=39010.3 globZ=46943.3
BLCMDgenericquad::Construct qfrt parent= relZ=44193.3 globZ=44193.3
BLCMDgenericquad::Construct qfrt parent= relZ=44693.3 globZ=44693.3
BLCMDvirtualdetector::Construct mkr parent= relZ=44693.3 globZ=44693.2
Checking overlaps for volume qfrt:0 (G4Tubs) ... Checking overlaps for volume qfrt:0 (G4Tubs) ... Checking overlaps for volume mkr:0 (G4Tubs) ... Checking overlaps for volume brt:0 (G4SubtractionSolid) ... OK! 
BLCMDidealsectorbend::Construct brt parent= relZ=49943.3 globZ=49943.3
BLCMDgenericquad::Construct qdrt parent= relZ=55195.3 globZ=55195.3
BLCMDgenericquad::Construct qdrt parent= relZ=55682.7 globZ=55682.7
BLCMDvirtualdetector::Construct mkr parent= relZ=55195.3 globZ=83037.0
Checking overlaps for volume qdrt:0 (G4Tubs) ... Checking overlaps for volume qdrt:0 (G4Tubs) ... Checking overlaps for volume mkr:0 (G4Tubs) ... Checking overlaps for volume brt:0 (G4SubtractionSolid) ... OK! 
BLCMDidealsectorbend::Construct brt parent= relZ=60801.1 globZ=52868.1
BLCMDgenericquad::Construct qfrt parent= relZ=65858.7 globZ=65858.7
BLCMDgenericquad::Construct qfrt parent= relZ=66309.2 globZ=66309.2
**************************************************************************
*** G4Exception: Duplicate NTuple
***    severity: Warning
***   issued by: BLNTuple
*** description: VirtualDetector/mkr
***    printing: every 10-th occurrence
**************************************************************************
BLCMDvirtualdetector::Construct mkr parent= relZ=66309.2 globZ=115452.7
Checking overlaps for volume qfrt:0 (G4Tubs) ... Checking overlaps for volume qfrt:0 (G4Tubs) ... Checking overlaps for volume mkr:0 (G4Tubs) ... Checking overlaps for volume brt:0 (G4SubtractionSolid) ... OK! 
BLCMDidealsectorbend::Construct brt parent= relZ=71039.2 globZ=55571.0
BLCMDgenericquad::Construct qdrt parent= relZ=75648.8 globZ=75648.8
BLCMDgenericquad::Construct qdrt parent= relZ=76039.7 globZ=76039.7
BLCMDvirtualdetector::Construct mkr parent= relZ=75648.8 globZ=136200.7
Checking overlaps for volume qdrt:0 (G4Tubs) ... Checking overlaps for volume qdrt:0 (G4Tubs) ... Checking overlaps for volume mkr:0 (G4Tubs) ... Checking overlaps for volume brt:0 (G4SubtractionSolid) ... OK! 
BLCMDidealsectorbend::Construct brt parent= relZ=80144.3 globZ=57916.5
BLCMDgenericquad::Construct qfrt parent= relZ=84074.7 globZ=84074.7
BLCMDgenericquad::Construct qfrt parent= relZ=84386.5 globZ=84386.5
BLCMDvirtualdetector::Construct mkr parent= relZ=84386.5 globZ=143398.4
Checking overlaps for volume qfrt:0 (G4Tubs) ... Checking overlaps for volume qfrt:0 (G4Tubs) ... Checking overlaps for volume mkr:0 (G4Tubs) ... Checking overlaps for volume brt:0 (G4SubtractionSolid) ... OK! 
BLCMDidealsectorbend::Construct brt parent= relZ=87659.8 globZ=59787.0
BLCMDgenericquad::Construct qdrt parent= relZ=90714.0 globZ=90714.0
BLCMDgenericquad::Construct qdrt parent= relZ=90930.9 globZ=90930.9
BLCMDvirtualdetector::Construct mkr parent= relZ=90714.0 globZ=136421.5
Checking overlaps for volume qdrt:0 (G4Tubs) ... Checking overlaps for volume qdrt:0 (G4Tubs) ... Checking overlaps for volume mkr:0 (G4Tubs) ... Checking overlaps for volume brt:0 (G4SubtractionSolid) ... OK! 
BLCMDidealsectorbend::Construct brt parent= relZ=93208.8 globZ=61088.6
BLCMDgenericquad::Construct qfrt parent= relZ=95233.5 globZ=95233.5
BLCMDgenericquad::Construct qfds parent= relZ=95344.8 globZ=95344.8
BLCMDvirtualdetector::Construct mkr parent= relZ=95344.8 globZ=115987.7
Checking overlaps for volume qfrt:0 (G4Tubs) ... Checking overlaps for volume qfds:0 (G4Tubs) ... Checking overlaps for volume mkr:0 (G4Tubs) ... Checking overlaps for volume bsup:0 (G4SubtractionSolid) ... OK! 
BLCMDidealsectorbend::Construct bsup parent= relZ=96513.0 globZ=26999.3
BLCMDgenericquad::Construct qdds parent= relZ=97544.5 globZ=97544.5
BLCMDgenericquad::Construct qdds parent= relZ=97600.5 globZ=97600.5
BLCMDvirtualdetector::Construct mkr parent= relZ=97544.5 globZ=97315.1
Checking overlaps for volume qdds:0 (G4Tubs) ... Checking overlaps for volume qdds:0 (G4Tubs) ... Checking overlaps for volume mkr:0 (G4Tubs) ... Checking overlaps for volume bsup:0 (G4SubtractionSolid) ... OK! 
BLCMDidealsectorbend::Construct bsup parent= relZ=98188.3 globZ=27335.2
BLCMDgenericquad::Construct qfds parent= relZ=98636.6 globZ=98636.6
BLCMDgenericquad::Construct qfds parent= relZ=98636.6 globZ=98636.6
BLCMDvirtualdetector::Construct mkr parent= relZ=98636.6 globZ=75493.2
Checking overlaps for volume qfds:0 (G4Tubs) ... Checking overlaps for volume qfds:0 (G4Tubs) ... Checking overlaps for volume mkr:0 (G4Tubs) ... Checking overlaps for volume bsup:0 (G4SubtractionSolid) ... OK! 
BLCMDidealsectorbend::Construct bsup parent= relZ=98636.6 globZ=27335.2
BLCMDgenericquad::Construct qdds parent= relZ=98496.2 globZ=98496.2
BLCMDgenericquad::Construct qdds parent= relZ=98440.2 globZ=98440.2
BLCMDvirtualdetector::Construct mkr parent= relZ=98496.2 globZ=53556.0
Checking overlaps for volume qdds:0 (G4Tubs) ... Checking overlaps for volume qdds:0 (G4Tubs) ... Checking overlaps for volume mkr:0 (G4Tubs) ... Checking overlaps for volume bsup:0 (G4SubtractionSolid) ... OK! 
BLCMDidealsectorbend::Construct bsup parent= relZ=97852.4 globZ=26999.3
BLCMDgenericquad::Construct qfds parent= relZ=97125.0 globZ=97125.0
Checking overlaps for volume qfds:0 (G4Tubs) ... ### Adding tracking cuts for neutron  TimeCut(ns)= 10000  KinEnergyCut(MeV)= 0

Geometry test nPoints=100 tolerance=0.002 mm:
Testing geometry for children of group 'World':
**************************************************************************
*** G4Exception: Geometry Error
***    severity: Warning
***   issued by: geometry
*** description: genericquad 'qfs' intersects virtualdetector 'mkr'
**************************************************************************
**************************************************************************
*** G4Exception: Geometry Error
***    severity: Warning
***   issued by: geometry
*** description: virtualdetector 'mkr' intersects genericquad 'qfs'
**************************************************************************
**************************************************************************
*** G4Exception: Geometry Error
***    severity: Warning
***   issued by: geometry
*** description: genericquad 'qds' intersects virtualdetector 'mkr'
**************************************************************************
**************************************************************************
*** G4Exception: Geometry Error
***    severity: Warning
***   issued by: geometry
*** description: virtualdetector 'mkr' intersects genericquad 'qds'
**************************************************************************
**************************************************************************
*** G4Exception: Geometry Error
***    severity: Warning
***   issued by: geometry
*** description: genericquad 'qfs' intersects virtualdetector 'mkr'
**************************************************************************
**************************************************************************
*** G4Exception: Geometry Error
***    severity: Warning
***   issued by: geometry
*** description: virtualdetector 'mkr' intersects genericquad 'qfs'
**************************************************************************
**************************************************************************
*** G4Exception: Geometry Error
***    severity: Warning
***   issued by: geometry
*** description: genericquad 'qds' intersects virtualdetector 'mkr'
**************************************************************************
**************************************************************************
*** G4Exception: Geometry Error
***    severity: Warning
***   issued by: geometry
*** description: virtualdetector 'mkr' intersects genericquad 'qds'
**************************************************************************
**************************************************************************
*** G4Exception: Geometry Error
***    severity: Warning
***   issued by: geometry
*** description: genericquad 'qfs' intersects virtualdetector 'mkr'
**************************************************************************
**************************************************************************
*** G4Exception: Geometry Error
***    severity: Warning
***   issued by: geometry
*** description: virtualdetector 'mkr' intersects genericquad 'qfs'
***    printing: every 10-th occurrence
**************************************************************************
**************************************************************************
*** G4Exception: Geometry Error
***    severity: Warning
***   issued by: geometry
*** description: virtualdetector 'mkr' intersects genericquad 'qds'
***    printing: every 10-th occurrence
**************************************************************************
BLCMDidealsectorbend does not participate in the geometry test
BLCMDidealsectorbend does not participate in the geometry test
**************************************************************************
*** G4Exception: Geometry Error
***    severity: Warning
***   issued by: geometry
*** description: virtualdetector 'mkr' intersects genericquad 'qfds'
***    printing: every 10-th occurrence
**************************************************************************
BLCMDidealsectorbend does not participate in the geometry test
BLCMDidealsectorbend does not participate in the geometry test
BLCMDidealsectorbend does not participate in the geometry test
BLCMDidealsectorbend does not participate in the geometry test
BLCMDidealsectorbend does not participate in the geometry test
**************************************************************************
*** G4Exception: Geometry Error
***    severity: Warning
***   issued by: geometry
*** description: virtualdetector 'mkr' intersects genericquad 'qdrt'
***    printing: every 10-th occurrence
**************************************************************************
BLCMDidealsectorbend does not participate in the geometry test
BLCMDidealsectorbend does not participate in the geometry test
BLCMDidealsectorbend does not participate in the geometry test
BLCMDidealsectorbend does not participate in the geometry test
BLCMDidealsectorbend does not participate in the geometry test
**************************************************************************
*** G4Exception: Geometry Error
***    severity: Warning
***   issued by: geometry
*** description: virtualdetector 'mkr' intersects genericquad 'qfrt'
***    printing: every 10-th occurrence
**************************************************************************
BLCMDidealsectorbend does not participate in the geometry test
BLCMDidealsectorbend does not participate in the geometry test
BLCMDidealsectorbend does not participate in the geometry test
BLCMDidealsectorbend does not participate in the geometry test
BLCMDidealsectorbend does not participate in the geometry test
**************************************************************************
*** G4Exception: Geometry Error
***    severity: Warning
***   issued by: geometry
*** description: virtualdetector 'mkr' intersects genericquad 'qdrt'
***    printing: every 10-th occurrence
**************************************************************************
BLCMDidealsectorbend does not participate in the geometry test
BLCMDidealsectorbend does not participate in the geometry test
BLCMDidealsectorbend does not participate in the geometry test
BLCMDidealsectorbend does not participate in the geometry test
BLCMDidealsectorbend does not participate in the geometry test
**************************************************************************
*** G4Exception: Geometry Error
***    severity: Warning
***   issued by: geometry
*** description: virtualdetector 'mkr' intersects genericquad 'qfs'
***    printing: every 10-th occurrence
**************************************************************************
**************************************************************************
*** G4Exception: Geometry Error
***    severity: Warning
***   issued by: geometry
*** description: virtualdetector 'mkr' intersects genericquad 'qds'
***    printing: every 10-th occurrence
**************************************************************************
**************************************************************************
*** G4Exception: Geometry Error
***    severity: Warning
***   issued by: geometry
*** description: virtualdetector 'mkr' intersects genericquad 'qfs'
***    printing: every 10-th occurrence
**************************************************************************
BLCMDidealsectorbend does not participate in the geometry test
BLCMDidealsectorbend does not participate in the geometry test
BLCMDidealsectorbend does not participate in the geometry test
**************************************************************************
*** G4Exception: Geometry Error
***    severity: Warning
***   issued by: geometry
*** description: virtualdetector 'mkr' intersects genericquad 'qdds'
***    printing: every 100-th occurrence
**************************************************************************
BLCMDidealsectorbend does not participate in the geometry test
BLCMDidealsectorbend does not participate in the geometry test
BLCMDidealsectorbend does not participate in the geometry test
BLCMDidealsectorbend does not participate in the geometry test
BLCMDidealsectorbend does not participate in the geometry test
BLCMDidealsectorbend does not participate in the geometry test
BLCMDidealsectorbend does not participate in the geometry test
BLCMDidealsectorbend does not participate in the geometry test
BLCMDidealsectorbend does not participate in the geometry test
BLCMDidealsectorbend does not participate in the geometry test
BLCMDidealsectorbend does not participate in the geometry test
BLCMDidealsectorbend does not participate in the geometry test
BLCMDidealsectorbend does not participate in the geometry test
BLCMDidealsectorbend does not participate in the geometry test
BLCMDidealsectorbend does not participate in the geometry test
BLCMDidealsectorbend does not participate in the geometry test
BLCMDidealsectorbend does not participate in the geometry test
BLCMDidealsectorbend does not participate in the geometry test
BLCMDidealsectorbend does not participate in the geometry test
Total geometry errors = 136  0 seconds

================= Prepare Tune Particle(s) ===========
================= Begin Tune Particle(s) =============
fieldVoxels: nx=1197 ny=3 nz=1063, 3817233 voxels, 180 fields
fieldVoxels: max field count is 4 fields, # voxels >5: 0, >10: 0, >20: 0
**************************************************************************
*** G4Exception: Check number of field voxels
***    severity: Warning
***   issued by: BLGlobalField
*** description: nVoxels = 3817233, max fields/voxel = 4
***     EventID: -2     TrackID: 1   proton  KE=9106 MeV
**************************************************************************
Run complete  1 Events  0 seconds
================== Begin Reference Particle(s) ===============

# segmentRCVector
#N minZ maxZ globX globY globZ axisX axisY axisZ angleDeg corr
0 -1.798e+308 1.375e+05 0 0 0 0.0000 0.0000 1.0000 0.0 1.000
1 1.375e+05 1.376e+05 0 0 1.375e+05 -0.0000 1.0000 -0.0000 0.0 1.000
2 1.376e+05 1.377e+05 -0.01067 0 1.376e+05 -0.0000 1.0000 -0.0000 0.1 1.000
3 1.377e+05 1.378e+05 -0.136 0 1.377e+05 -0.0000 1.0000 -0.0000 0.2 1.000
4 1.378e+05 1.379e+05 -0.4015 0 1.378e+05 -0.0000 1.0000 -0.0000 0.2 1.000
5 1.379e+05 1.38e+05 -0.8073 0 1.379e+05 -0.0000 1.0000 -0.0000 0.3 1.000
6 1.38e+05 1.381e+05 -1.353 0 1.38e+05 -0.0000 1.0000 -0.0000 0.4 1.000
7 1.381e+05 1.382e+05 -2.04 0 1.381e+05 -0.0000 1.0000 -0.0000 0.5 1.000
8 1.382e+05 1.383e+05 -2.866 0 1.382e+05 -0.0000 1.0000 -0.0000 0.6 1.000
9 1.383e+05 1.384e+05 -3.833 0 1.383e+05 -0.0000 1.0000 -0.0000 0.6 1.000
10 1.384e+05 1.385e+05 -4.94 0 1.384e+05 -0.0000 1.0000 -0.0000 0.7 1.000
11 1.385e+05 1.386e+05 -6.187 0 1.385e+05 -0.0000 1.0000 -0.0000 0.8 1.000
12 1.386e+05 1.387e+05 -7.575 0 1.386e+05 -0.0000 1.0000 -0.0000 0.9 1.000
13 1.387e+05 1.388e+05 -9.103 0 1.387e+05 -0.0000 1.0000 -0.0000 1.0 1.000
14 1.388e+05 1.389e+05 -10.77 0 1.388e+05 -0.0000 1.0000 -0.0000 1.0 1.000
15 1.389e+05 1.39e+05 -12.58 0 1.389e+05 -0.0000 1.0000 -0.0000 1.1 1.000
16 1.39e+05 1.391e+05 -14.53 0 1.39e+05 -0.0000 1.0000 -0.0000 1.2 1.000
17 1.391e+05 1.392e+05 -16.62 0 1.391e+05 -0.0000 1.0000 -0.0000 1.3 1.000
18 1.392e+05 1.393e+05 -18.84 0 1.392e+05 -0.0000 1.0000 -0.0000 1.4 1.000
19 1.393e+05 1.394e+05 -21.21 0 1.393e+05 -0.0000 1.0000 -0.0000 1.4 1.000
20 1.394e+05 1.395e+05 -23.72 0 1.394e+05 -0.0000 1.0000 -0.0000 1.5 1.000
21 1.395e+05 1.396e+05 -26.37 0 1.395e+05 -0.0000 1.0000 -0.0000 1.6 1.000
22 1.396e+05 1.397e+05 -29.16 0 1.396e+05 -0.0000 1.0000 -0.0000 1.7 1.000
23 1.397e+05 1.398e+05 -32.09 0 1.397e+05 -0.0000 1.0000 -0.0000 1.8 1.000
24 1.398e+05 1.399e+05 -35.16 0 1.398e+05 -0.0000 1.0000 -0.0000 1.8 1.000
25 1.399e+05 1.4e+05 -38.37 0 1.399e+05 -0.0000 1.0000 -0.0000 1.9 1.000
26 1.4e+05 1.401e+05 -41.72 0 1.4e+05 -0.0000 1.0000 -0.0000 2.0 1.000
27 1.401e+05 1.402e+05 -45.21 0 1.4e+05 -0.0000 1.0000 -0.0000 2.1 1.000
28 1.402e+05 1.403e+05 -48.84 0 1.401e+05 -0.0000 1.0000 -0.0000 2.2 1.000
29 1.403e+05 1.404e+05 -52.62 0 1.402e+05 -0.0000 1.0000 -0.0000 2.2 1.000
30 1.404e+05 1.405e+05 -56.53 0 1.403e+05 -0.0000 1.0000 -0.0000 2.3 1.000
31 1.405e+05 1.406e+05 -60.58 0 1.404e+05 -0.0000 1.0000 -0.0000 2.4 1.000
32 1.406e+05 1.407e+05 -64.77 0 1.405e+05 -0.0000 1.0000 -0.0000 2.5 1.000
33 1.407e+05 1.408e+05 -69.1 0 1.406e+05 -0.0000 1.0000 -0.0000 2.6 1.000
34 1.408e+05 1.409e+05 -73.57 0 1.407e+05 -0.0000 1.0000 -0.0000 2.6 1.000
35 1.409e+05 1.41e+05 -78.18 0 1.408e+05 -0.0000 1.0000 -0.0000 2.7 1.000
36 1.41e+05 1.411e+05 -82.94 0 1.409e+05 -0.0000 1.0000 -0.0000 2.8 1.000
37 1.411e+05 1.412e+05 -87.83 0 1.41e+05 -0.0000 1.0000 -0.0000 2.9 1.000
38 1.412e+05 1.413e+05 -92.86 0 1.411e+05 -0.0000 1.0000 -0.0000 3.0 1.000
39 1.413e+05 1.414e+05 -98.03 0 1.412e+05 -0.0000 1.0000 -0.0000 3.0 1.000
40 1.414e+05 1.415e+05 -103.3 0 1.413e+05 -0.0000 1.0000 -0.0000 3.1 1.000
41 1.415e+05 1.416e+05 -108.8 0 1.414e+05 -0.0000 1.0000 -0.0000 3.2 1.000
42 1.416e+05 1.417e+05 -114.4 0 1.415e+05 -0.0000 1.0000 -0.0000 3.3 1.000
43 1.417e+05 1.418e+05 -120.1 0 1.416e+05 -0.0000 1.0000 -0.0000 3.4 1.000
44 1.418e+05 1.419e+05 -126 0 1.417e+05 -0.0000 1.0000 -0.0000 3.4 1.000
45 1.419e+05 1.42e+05 -132 0 1.418e+05 -0.0000 1.0000 -0.0000 3.5 1.000
46 1.42e+05 1.421e+05 -138.2 0 1.419e+05 -0.0000 1.0000 -0.0000 3.6 1.000
47 1.421e+05 1.422e+05 -144.4 0 1.42e+05 -0.0000 1.0000 -0.0000 3.7 1.000
48 1.422e+05 1.423e+05 -150.9 0 1.421e+05 -0.0000 1.0000 -0.0000 3.8 1.000
49 1.423e+05 1.424e+05 -157.5 0 1.422e+05 -0.0000 1.0000 -0.0000 3.8 1.000
50 1.424e+05 1.425e+05 -164.2 0 1.423e+05 -0.0000 1.0000 -0.0000 3.9 1.000
51 1.425e+05 1.426e+05 -171 0 1.424e+05 -0.0000 1.0000 -0.0000 4.0 1.000
52 1.426e+05 1.427e+05 -178 0 1.425e+05 -0.0000 1.0000 -0.0000 4.1 1.000
53 1.427e+05 1.427e+05 -185.2 0 1.426e+05 -0.0000 1.0000 -0.0000 4.3 1.000
54 1.427e+05 1.428e+05 -192.6 0 1.427e+05 -0.0000 1.0000 -0.0000 4.4 1.000
55 1.428e+05 1.429e+05 -200.2 0 1.428e+05 -0.0000 1.0000 -0.0000 4.5 1.000
56 1.429e+05 1.43e+05 -208.1 0 1.429e+05 -0.0000 1.0000 -0.0000 4.6 1.000
57 1.43e+05 1.431e+05 -216.1 0 1.43e+05 -0.0000 1.0000 -0.0000 4.7 1.000
58 1.431e+05 1.432e+05 -224.3 0 1.431e+05 -0.0000 1.0000 -0.0000 4.8 1.000
59 1.432e+05 1.433e+05 -232.7 0 1.432e+05 -0.0000 1.0000 -0.0000 4.9 1.000
60 1.433e+05 1.434e+05 -241.3 0 1.433e+05 -0.0000 1.0000 -0.0000 5.0 1.000
61 1.434e+05 1.435e+05 -250.1 0 1.434e+05 -0.0000 1.0000 -0.0000 5.1 1.000
62 1.435e+05 1.436e+05 -259.1 0 1.435e+05 -0.0000 1.0000 -0.0000 5.2 1.000
63 1.436e+05 1.437e+05 -268.2 0 1.436e+05 -0.0000 1.0000 -0.0000 5.3 1.000
64 1.437e+05 1.438e+05 -277.5 0 1.437e+05 -0.0000 1.0000 -0.0000 5.4 1.000
65 1.438e+05 1.439e+05 -286.9 0 1.438e+05 -0.0000 1.0000 -0.0000 5.5 1.000
66 1.439e+05 1.44e+05 -296.4 0 1.439e+05 -0.0000 1.0000 -0.0000 5.6 1.000
67 1.44e+05 1.441e+05 -306.1 0 1.44e+05 -0.0000 1.0000 -0.0000 5.6 1.000
68 1.441e+05 1.442e+05 -315.9 0 1.441e+05 -0.0000 1.0000 -0.0000 5.7 1.000
69 1.442e+05 1.443e+05 -325.8 0 1.442e+05 -0.0000 1.0000 -0.0000 5.8 1.000
70 1.443e+05 1.444e+05 -335.9 0 1.443e+05 -0.0000 1.0000 -0.0000 5.9 1.000
71 1.444e+05 1.445e+05 -346.2 0 1.444e+05 -0.0000 1.0000 -0.0000 6.0 1.000
72 1.445e+05 1.446e+05 -356.5 0 1.445e+05 -0.0000 1.0000 -0.0000 6.0 1.000
73 1.446e+05 1.447e+05 -367 0 1.446e+05 -0.0000 1.0000 -0.0000 6.1 1.000
74 1.447e+05 1.448e+05 -377.7 0 1.447e+05 -0.0000 1.0000 -0.0000 6.2 1.000
75 1.448e+05 1.449e+05 -388.5 0 1.448e+05 -0.0000 1.0000 -0.0000 6.3 1.000
76 1.449e+05 1.45e+05 -399.4 0 1.449e+05 -0.0000 1.0000 -0.0000 6.4 1.000
77 1.45e+05 1.451e+05 -410.5 0 1.45e+05 -0.0000 1.0000 -0.0000 6.4 1.000
78 1.451e+05 1.452e+05 -421.7 0 1.451e+05 -0.0000 1.0000 -0.0000 6.5 1.000
79 1.452e+05 1.453e+05 -433 0 1.452e+05 -0.0000 1.0000 -0.0000 6.6 1.000
80 1.453e+05 1.454e+05 -444.5 0 1.453e+05 -0.0000 1.0000 -0.0000 6.7 1.000
81 1.454e+05 1.484e+05 -456.1 0 1.454e+05 -0.0000 1.0000 -0.0000 6.8 1.000
82 1.484e+05 1.485e+05 -809.5 0 1.484e+05 -0.0000 1.0000 -0.0000 6.8 1.000
83 1.485e+05 1.486e+05 -821.2 0 1.485e+05 -0.0000 1.0000 -0.0000 6.8 1.000
84 1.486e+05 1.487e+05 -833.1 0 1.486e+05 -0.0000 1.0000 -0.0000 6.9 1.000
85 1.487e+05 1.488e+05 -845.2 0 1.487e+05 -0.0000 1.0000 -0.0000 7.0 1.000
86 1.488e+05 1.489e+05 -857.4 0 1.488e+05 -0.0000 1.0000 -0.0000 7.1 1.000
87 1.489e+05 1.49e+05 -869.7 0 1.489e+05 -0.0000 1.0000 -0.0000 7.2 1.000
88 1.49e+05 1.491e+05 -882.1 0 1.49e+05 -0.0000 1.0000 -0.0000 7.2 1.000
89 1.491e+05 1.492e+05 -894.7 0 1.491e+05 -0.0000 1.0000 -0.0000 7.3 1.000
90 1.492e+05 1.493e+05 -907.5 0 1.492e+05 -0.0000 1.0000 -0.0000 7.4 1.000
91 1.493e+05 1.494e+05 -920.4 0 1.493e+05 -0.0000 1.0000 -0.0000 7.5 1.000
92 1.494e+05 1.495e+05 -933.4 0 1.494e+05 -0.0000 1.0000 -0.0000 7.6 1.000
93 1.495e+05 1.496e+05 -946.5 0 1.495e+05 -0.0000 1.0000 -0.0000 7.6 1.000
94 1.496e+05 1.497e+05 -959.8 0 1.496e+05 -0.0000 1.0000 -0.0000 7.7 1.000
95 1.497e+05 1.498e+05 -973.3 0 1.497e+05 -0.0000 1.0000 -0.0000 7.8 1.000
96 1.498e+05 1.499e+05 -986.8 0 1.498e+05 -0.0000 1.0000 -0.0000 7.9 1.000
97 1.499e+05 1.5e+05 -1001 0 1.499e+05 -0.0000 1.0000 -0.0000 8.0 1.000
98 1.5e+05 1.501e+05 -1014 0 1.5e+05 -0.0000 1.0000 -0.0000 8.0 1.000
99 1.501e+05 1.502e+05 -1028 0 1.501e+05 -0.0000 1.0000 -0.0000 8.1 1.000
100 1.502e+05 1.503e+05 -1043 0 1.502e+05 -0.0000 1.0000 -0.0000 8.2 1.000
101 1.503e+05 1.504e+05 -1057 0 1.503e+05 -0.0000 1.0000 -0.0000 8.3 1.000
102 1.504e+05 1.505e+05 -1071 0 1.504e+05 -0.0000 1.0000 -0.0000 8.4 1.000
103 1.505e+05 1.506e+05 -1086 0 1.505e+05 -0.0000 1.0000 -0.0000 8.4 1.000
104 1.506e+05 1.507e+05 -1100 0 1.506e+05 -0.0000 1.0000 -0.0000 8.5 1.000
105 1.507e+05 1.508e+05 -1115 0 1.507e+05 -0.0000 1.0000 -0.0000 8.6 1.000
106 1.508e+05 1.509e+05 -1130 0 1.508e+05 -0.0000 1.0000 -0.0000 8.7 1.000
107 1.509e+05 1.51e+05 -1145 0 1.509e+05 -0.0000 1.0000 -0.0000 8.8 